Release 6.1i - xst G.23
Copyright (c) 1995-2003 Xilinx, Inc.  All rights reserved.
--> Parameter TMPDIR set to __projnav
CPU : 0.00 / 0.16 s | Elapsed : 0.00 / 0.00 s
 
--> Parameter xsthdpdir set to ./xst
CPU : 0.00 / 0.16 s | Elapsed : 0.00 / 0.00 s
 
--> Reading design: router.prj

TABLE OF CONTENTS
  1) Synthesis Options Summary
  2) HDL Compilation
  3) HDL Analysis
  4) HDL Synthesis
     4.1) HDL Synthesis Report
  5) Advanced HDL Synthesis
  6) Low Level Synthesis
  7) Final Report
     7.1) Device utilization summary
     7.2) TIMING REPORT


=========================================================================
*                      Synthesis Options Summary                        *
=========================================================================
---- Source Parameters
Input File Name                    : router.prj
Input Format                       : mixed
Ignore Synthesis Constraint File   : NO
Verilog Include Directory          : 

---- Target Parameters
Output File Name                   : router
Output Format                      : NGC
Target Device                      : xc2s200-6-pq208

---- Source Options
Top Module Name                    : router
Automatic FSM Extraction           : YES
FSM Encoding Algorithm             : Auto
FSM Style                          : lut
RAM Extraction                     : Yes
RAM Style                          : Auto
ROM Extraction                     : Yes
ROM Style                          : Auto
Mux Extraction                     : YES
Mux Style                          : Auto
Decoder Extraction                 : YES
Priority Encoder Extraction        : YES
Shift Register Extraction          : YES
Logical Shifter Extraction         : YES
XOR Collapsing                     : YES
Resource Sharing                   : YES
Multiplier Style                   : lut
Automatic Register Balancing       : No

---- Target Options
Add IO Buffers                     : YES
Global Maximum Fanout              : 100
Add Generic Clock Buffer(BUFG)     : 4
Register Duplication               : YES
Equivalent register Removal        : YES
Slice Packing                      : YES
Pack IO Registers into IOBs        : auto

---- General Options
Optimization Goal                  : Speed
Optimization Effort                : 1
Keep Hierarchy                     : NO
Global Optimization                : AllClockNets
RTL Output                         : Yes
Write Timing Constraints           : NO
Hierarchy Separator                : _
Bus Delimiter                      : <>
Case Specifier                     : maintain
Slice Utilization Ratio            : 100
Slice Utilization Ratio Delta      : 5

---- Other Options
lso                                : router.lso
Read Cores                         : YES
cross_clock_analysis               : NO
verilog2001                        : YES
Optimize Instantiated Primitives   : NO

=========================================================================

WARNING:Xst:1885 - LSO file is empty, default list of libraries is used

=========================================================================
*                          HDL Compilation                              *
=========================================================================
Compiling source file "router.v"
Module <router> compiled
No errors in compilation
Analysis of file <router.prj> succeeded.
 

=========================================================================
*                            HDL Analysis                               *
=========================================================================
Analyzing top module <router>.
Module <router> is correct for synthesis.
 

=========================================================================
*                           HDL Synthesis                               *
=========================================================================

Synthesizing Unit <router>.
    Related source file is router.v.
    Found 1-bit tristate buffer for signal <tx_uc>.
    Found 1-bit 4-to-1 multiplexer for signal <tx_uc1>.
    Summary:
	inferred   1 Multiplexer(s).
	inferred   1 Tristate(s).
Unit <router> synthesized.


=========================================================================
HDL Synthesis Report

Macro Statistics
# Multiplexers                     : 1
  1-bit 4-to-1 multiplexer         : 1
# Tristates                        : 1
  1-bit tristate buffer            : 1

=========================================================================

=========================================================================
*                       Advanced HDL Synthesis                          *
=========================================================================


=========================================================================
*                         Low Level Synthesis                           *
=========================================================================

Optimizing unit <router> ...
Loading device for application Xst from file 'v200.nph' in environment C:/Xilinx.

Mapping all equations...
Building and optimizing final netlist ...
Found area constraint ratio of 100 (+ 5) on block router, actual ratio is 0.

=========================================================================
*                            Final Report                               *
=========================================================================
Final Results
RTL Top Level Output File Name     : router.ngr
Top Level Output File Name         : router
Output Format                      : NGC
Optimization Goal                  : Speed
Keep Hierarchy                     : NO

Design Statistics
# IOs                              : 13

Macro Statistics :
# Multiplexers                     : 1
#      1-bit 4-to-1 multiplexer    : 1
# Tristates                        : 1
#      1-bit tristate buffer       : 1

Cell Usage :
# BELS                             : 8
#      LUT1                        : 1
#      LUT3                        : 6
#      MUXF5                       : 1
# IO Buffers                       : 13
#      IBUF                        : 8
#      OBUF                        : 4
#      OBUFT                       : 1
=========================================================================

Device utilization summary:
---------------------------

Selected Device : 2s200pq208-6 

 Number of Slices:                       4  out of   2352     0%  
 Number of 4 input LUTs:                 7  out of   4704     0%  
 Number of bonded IOBs:                 13  out of    144     9%  


=========================================================================
TIMING REPORT

NOTE: THESE TIMING NUMBERS ARE ONLY A SYNTHESIS ESTIMATE.
      FOR ACCURATE TIMING INFORMATION PLEASE REFER TO THE TRACE REPORT
      GENERATED AFTER PLACE-and-ROUTE.

Clock Information:
------------------
No clock signals found in this design

Timing Summary:
---------------
Speed Grade: -6

   Minimum period: No path found
   Minimum input arrival time before clock: No path found
   Maximum output required time after clock: No path found
   Maximum combinational path delay: 9.008ns

Timing Detail:
--------------
All values displayed in nanoseconds (ns)

-------------------------------------------------------------------------
Timing constraint: Default path analysis
Delay:               9.008ns (Levels of Logic = 4)
  Source:            sel0 (PAD)
  Destination:       tx_uc (PAD)

  Data Path: sel0 to tx_uc
                                Gate     Net
    Cell:in->out      fanout   Delay   Delay  Logical Name (Net Name)
    ----------------------------------------  ------------
     IBUF:I->O             6   0.776   1.665  sel0_IBUF (sel0_IBUF)
     LUT3:I0->O            1   0.549   0.000  Mmux_tx_uc1_inst_lut3_01 (Mmux_tx_uc1__net0)
     MUXF5:I0->O           1   0.315   1.035  Mmux_tx_uc1_inst_mux_f5_0 (tx_uc1)
     OBUFT:I->O                4.668          tx_uc_OBUFT (tx_uc)
    ----------------------------------------
    Total                      9.008ns (6.308ns logic, 2.700ns route)
                                       (70.0% logic, 30.0% route)

=========================================================================
CPU : 0.80 / 1.13 s | Elapsed : 1.00 / 1.00 s
 
--> 

Total memory usage is 57760 kilobytes


