L51 CODE BANKING LINKER/LOCATOR V4.08.06        06/07/113  08:53:08  PAGE  1
WIN32 L51 CODE BANKING LINKER/LOCATOR V4.08.06,  INVOKED BY:
L51.EXE c:\documents and settings\sajjad hussain\desktop\chrono32c_c51_r3\t69&
3.OBJ,c:\documents and settings\sajjad hussain\desktop\chrono32c_c51_r3\readm&
e.OBJ, c:\documents and settings\sajjad hussain\desktop\chrono32c_c51_r3\misc&
.OBJ,c:\documents and settings\sajjad hussain\desktop\chrono32c_c51_r3\main.O&
BJ, c:\documents and settings\sajjad hussain\desktop\chrono32c_c51_r3\eeprom.&
OBJ,c:\documents and settings\sajjad hussain\desktop\chrono32c_c51_r3\ds1302.&
OBJ  to  C:\DOCUMENTS AND SETTINGS\SAJJAD HUSSAIN\DESKTOP\CHRONO32C_C51_R3\CH&
RONO32C_R3.ABS PR(C:\DOCUMENTS AND SETTINGS\SAJJAD HUSSAIN\DESKTOP\CHRONO32C_&
C51_R3\CHRONO32C_R3.M51) PW(80) RS(256) ix 


MEMORY MODEL: SMALL WITHOUT ANY FLOATING POINT ARITHMETIC


INPUT MODULES INCLUDED
  C:\DOCUMENTS AND SETTINGS\SAJJAD HUSSAIN\DESKTOP\CHRONO32C_C51_R3\T693.OBJ(T6&
93)
  C:\DOCUMENTS AND SETTINGS\SAJJAD HUSSAIN\DESKTOP\CHRONO32C_C51_R3\README.OBJ(&
README)
  C:\DOCUMENTS AND SETTINGS\SAJJAD HUSSAIN\DESKTOP\CHRONO32C_C51_R3\MISC.OBJ(MI&
SC)
  C:\DOCUMENTS AND SETTINGS\SAJJAD HUSSAIN\DESKTOP\CHRONO32C_C51_R3\MAIN.OBJ(MA&
IN)
  C:\DOCUMENTS AND SETTINGS\SAJJAD HUSSAIN\DESKTOP\CHRONO32C_C51_R3\EEPROM.OBJ(&
EEPROM)
  C:\DOCUMENTS AND SETTINGS\SAJJAD HUSSAIN\DESKTOP\CHRONO32C_C51_R3\DS1302.OBJ(&
DS1302)
  C:\FSI\LIB\C51S.LIB(_C_DECDP)
  C:\FSI\LIB\C51S.LIB(C1S)
  C:\FSI\LIB\C51S.LIB(XPGN1)
  C:\FSI\LIB\C51S.LIB(IPGN1)
  C:\FSI\LIB\C51S.LIB(MV_XD2SN4)
  C:\FSI\LIB\C51S.LIB(MV_XD2RG4)
  C:\FSI\LIB\C51S.LIB(MV_CS2XD4)
  C:\FSI\LIB\C51S.LIB(MV_PTR2C1)
  C:\FSI\LIB\C51S.LIB(MV_CODE1)
  C:\FSI\LIB\C51S.LIB(MV_IDATA1)
  C:\FSI\LIB\C51S.LIB(MV_XDATA1)
  C:\FSI\LIB\C51S.LIB(MV_PDATA1)
  C:\FSI\LIB\C51S.LIB(MULL)
  C:\FSI\LIB\C51S.LIB(LONG_UNSIGNED_DIV_SPEED_OPTIMIZED)
  C:\FSI\LIB\C51S.LIB(LONG_UNSIGNED_DIV)
  C:\FSI\LIB\C51S.LIB(LANL)
  C:\FSI\LIB\C51S.LIB(LADD)
  C:\FSI\LIB\C51S.LIB(LSUB)
  C:\FSI\LIB\C51S.LIB(LONG_UNSIGNED_MOD_SPEED_OPTIMIZED)
  C:\FSI\LIB\C51S.LIB(GESI)
  C:\FSI\LIB\C51S.LIB(LONG_SIGNED_DIV_SPEED_OPTIMIZED)
  C:\FSI\LIB\C51S.LIB(MULS)
  C:\FSI\LIB\C51S.LIB(DIVS)
  C:\FSI\LIB\C51S.LIB(CMPL)
  C:\FSI\LIB\C51S.LIB(RST_STK)
  C:\FSI\LIB\C51S.LIB(SHIFT_L)
  C:\FSI\LIB\C51S.LIB(SHIFT_LS)
  C:\FSI\LIB\C51S.LIB(_C_INITD)
  C:\FSI\LIB\C51S.LIB(_C_IDATALEN)
  C:\FSI\LIB\C51S.LIB(COML)


LINK MAP OF MODULE: C:\DOCUMENTS AND SETTINGS\SAJJAD HUSSAIN\DESKTOP\CHRONO32C_&
C51_R3\CHRONO32C_R3.ABS (T693)

    TYPE     BASE       LENGTH    RELOCATION     SEGMENT NAME
    ----     ----       ------    ----------     ------------

    * * * * * * *   DATA          M E M O R Y   * * * * * * *
    REG      0000H      0008H     ABSOLUTE       "REG BANK 0"
    DATA     0008H      0004H     UNIT           ?DT?_GGOTOPIXEL?T693
L51 CODE BANKING LINKER/LOCATOR V4.08.06          06/07/113  08:53:08  PAGE  2

    DATA     000CH      0001H     UNIT           ?DT?_GWRITEBYTE?T693
    DATA     000DH      0002H     OVERLAID UNIT  ?DT?_GCLEAR?T693
    DATA     000DH      0003H     OVERLAID UNIT  ?DT?_RBRSTREADCLK?DS1302
    DATA     000DH      0002H     OVERLAID UNIT  ?DT?_ROM_READ?EEPROM
    DATA     000DH      0003H     OVERLAID UNIT  ?DT?_ROM_WRITEPAGE?MAIN
    DATA     000DH      0003H     OVERLAID UNIT  ?DT?_RPRINT_TIME?MAIN
    DATA     000DH      0003H     OVERLAID UNIT  ?DT?_RDISP_DATE?MAIN
    DATA     000DH      0003H     OVERLAID UNIT  ?DT?_RDISP_TIME?MAIN
    DATA     000DH      0005H     OVERLAID UNIT  ?DT?_PRINT?MAIN
    DATA     000DH      0006H     OVERLAID UNIT  ?DT?_DISPLAY?MAIN
    DATA     000DH      000AH     OVERLAID UNIT  ?DT?SENDFORMATEDDATA?MAIN
    DATA     000DH      0002H     OVERLAID UNIT  ?DT?_CALCULATE?MAIN
    DATA     000DH      0005H     OVERLAID UNIT  ?DT?_GDRAWRECT?T693
    DATA     0017H      0003H     OVERLAID UNIT  ?DT?_GPUTSTR?T693
    DATA     0017H      0009H     OVERLAID UNIT  ?DT?_LONGTOASCII?MISC
    DATA     0017H      0004H     OVERLAID UNIT  ?DT?_GSETPIXEL?T693
    BIT      0020H.0    0000H.7   UNIT           ?BI?MAIN
    BIT      0020H.7    0000H.1   OVERLAID UNIT  ?BI?_GCLEAR?T693
    BIT      0020H.7    0000H.1   OVERLAID UNIT  ?BI?I2C_READ?EEPROM
    BIT      0020H.7    0000H.2   OVERLAID UNIT  ?BI?_LONGTOASCII?MISC
    BIT      0020H.7    0000H.1   OVERLAID UNIT  ?BI?_GDRAWRECT?T693
    BIT      0021H.1    0000H.1   UNIT           ?BI?_GSETPIXEL?T693
    BIT      0021H.2    0000H.1   UNIT           ?BI?_I2C_WRITE?EEPROM
             0021H.3    0000H.5                  *** GAP ***
    DATA     0022H      002FH     UNIT           ?DT?MAIN
    DATA     0051H      0001H     OVERLAID UNIT  ?DT?_GPUTC?T693
    DATA     0051H      0002H     OVERLAID UNIT  ?DT?_ROM_WRITE?EEPROM
    DATA     0051H      0004H     OVERLAID UNIT  ?DT?_GGOTOXY?T693
    DATA     0055H      0004H     UNIT           ?DT?_BINARY2BCD?DS1302
    DATA     0059H      0004H     UNIT           ?DT?_BCD2BINARY?DS1302
    IDATA    005DH      0001H     * * STACK * *  _STACK

    * * * * * * *   XDATA         M E M O R Y   * * * * * * *
    XDATA    0000H      00EFH     UNIT           ?XD?MAIN

    * * * * * * *   CODE          M E M O R Y   * * * * * * *
    CODE     0000H      0003H     ABSOLUTE       
    CODE     0003H      0003H     ABSOLUTE       
    CODE     0006H      000BH     UNIT           ?PR?_GWRITEBYTE?T693
             0011H      0002H                    *** GAP ***
    CODE     0013H      0003H     ABSOLUTE       
             0016H      0005H                    *** GAP ***
    CODE     001BH      0003H     ABSOLUTE       
             001EH      0005H                    *** GAP ***
    CODE     0023H      0003H     ABSOLUTE       
    CODE     0026H      0016H     UNIT           ?PR?SHIFTRLS?
    CODE     003CH      0015H     UNIT           ?PR?SHIFTLL?
    CODE     0051H      0303H     UNIT           ?PR?LIB51
    CODE     0354H      00EBH     INBLOCK        ?PR?MOVES?LIB51
    CODE     043FH      0066H     UNIT           ?PR?C51_STARTUP?
    CODE     04A5H      0010H     UNIT           _C_DECDP?CD
    CODE     04B5H      0018H     UNIT           ?PR?GREADSTATUS?T693
    CODE     04CDH      0018H     UNIT           ?PR?GREADDATA?T693
    CODE     04E5H      0020H     UNIT           ?PR?_GWRITEDATA?T693
    CODE     0505H      0020H     UNIT           ?PR?_GWRITECOMMAND?T693
    CODE     0525H      004CH     UNIT           ?PR?GINITIALIZE?T693
    CODE     0571H      000FH     UNIT           ?PR?_GPUTC?T693
    CODE     0580H      0023H     UNIT           ?PR?_GPUTSTR?T693
    CODE     05A3H      0023H     UNIT           ?PR?_GGOTOXY?T693
    CODE     05C6H      0066H     UNIT           ?PR?_GCLEAR?T693
    CODE     062CH      0054H     UNIT           ?PR?_GSETPIXEL?T693
    CODE     0680H      0032H     UNIT           ?PR?_GGOTOPIXEL?T693
    CODE     06B2H      00ADH     UNIT           ?PR?_GDRAWRECT?T693
    CODE     075FH      00E4H     UNIT           ?PR?_LONGTOASCII?MISC
    CODE     0843H      000FH     UNIT           ?PR?_SENDCHAR?MISC
    CODE     0852H      0026H     UNIT           ?PR?_PRINTSTRING?MISC
    CODE     0878H      0010H     UNIT           ?PR?DELAY5MS?MISC
    CODE     0888H      0010H     UNIT           ?PR?DELAY25MS?MISC
L51 CODE BANKING LINKER/LOCATOR V4.08.06          06/07/113  08:53:08  PAGE  3

    CODE     0898H      000AH     UNIT           ?PR?DELAYHALFSEC?MISC
    CODE     08A2H      0019H     UNIT           ?PR?_SELECTLINES?MAIN
    CODE     08BBH      02DEH     UNIT           ?PR?_CALCULATE?MAIN
    CODE     0B99H      01F7H     UNIT           ?PR?SENDFORMATEDDATA?MAIN
    CODE     0D90H      034AH     UNIT           ?STR?MAIN
    CODE     10DAH      01A1H     UNIT           ?PR?_DISPLAY?MAIN
    CODE     127BH      013FH     UNIT           ?PR?_PRINT?MAIN
    CODE     13BAH      027CH     UNIT           ?PR?INITIALIZE?MAIN
    CODE     1636H      00AFH     UNIT           ?PR?_RDISP_TIME?MAIN
    CODE     16E5H      00B6H     UNIT           ?PR?_RDISP_DATE?MAIN
    CODE     179BH      0169H     UNIT           ?PR?_RPRINT_TIME?MAIN
    CODE     1904H      02B7H     UNIT           ?PR?_ROM_WRITEPAGE?MAIN
    CODE     1BBBH      1D72H     UNIT           ?PR?MAIN?MAIN
    CODE     392DH      0036H     UNIT           ?PR?KEYINT?MAIN
    CODE     3963H      0008H     UNIT           ?PR?STARTINT?MAIN
    CODE     396BH      015FH     UNIT           ?PR?SERIAL?MAIN
    CODE     3ACAH      001EH     UNIT           ?PR?TIMER1_ONESEC?MAIN
    CODE     3AE8H      0012H     UNIT           _C_INITD?CD
    CODE     3AFAH      000EH     UNIT           ?PR?I2C_START?EEPROM
    CODE     3B08H      000CH     UNIT           ?PR?I2C_STOP?EEPROM
    CODE     3B14H      0022H     UNIT           ?PR?_I2C_WRITE?EEPROM
    CODE     3B36H      001BH     UNIT           ?PR?I2C_READ?EEPROM
    CODE     3B51H      0009H     UNIT           ?PR?I2C_NOACK?EEPROM
    CODE     3B5AH      0030H     UNIT           ?PR?_ROM_READ?EEPROM
    CODE     3B8AH      002CH     UNIT           ?PR?_ROM_WRITE?EEPROM
    CODE     3BB6H      0026H     UNIT           ?PR?_RWRITECLK?DS1302
    CODE     3BDCH      0073H     UNIT           ?PR?_RBRSTREADCLK?DS1302
    CODE     3C4FH      006CH     UNIT           ?PR?_BINARY2BCD?DS1302
    CODE     3CBBH      0044H     UNIT           ?PR?_BCD2BINARY?DS1302

EXECUTABLE SUMMARY:
-------------------
    Total INTERNAL storage requirement:  005CH.3 (92.3)
    Total EXTERNAL storage requirement:  00EFH (239)
    Total   CODE   storage requirement:  3CF3H (15603)
Note:  Summary does not include dynamic stack requirements


REFERENCE MAP OF MODULE: C:\DOCUMENTS AND SETTINGS\SAJJAD HUSSAIN\DESKTOP\CHRON&
O32C_C51_R3\CHRONO32C_R3.ABS (T693)

SEGMENT
   +-->CALLED SEGMENT
---------------------
?PR?_GWRITEDATA?T693
   +-->?PR?GREADSTATUS?T693

?PR?_GWRITECOMMAND?T693
   +-->?PR?GREADSTATUS?T693

?PR?GINITIALIZE?T693
   +-->?PR?_GWRITECOMMAND?T693
   +-->?PR?_GWRITEDATA?T693

?PR?_GPUTC?T693
   +-->?PR?_GWRITECOMMAND?T693
   +-->?PR?_GWRITEDATA?T693

?PR?_GPUTSTR?T693
   +-->?PR?_GPUTC?T693

?PR?_GGOTOXY?T693
   +-->?PR?_GWRITECOMMAND?T693
   +-->?PR?_GWRITEDATA?T693

?PR?_GCLEAR?T693
   +-->?PR?_GWRITECOMMAND?T693
   +-->?PR?_GWRITEDATA?T693
L51 CODE BANKING LINKER/LOCATOR V4.08.06          06/07/113  08:53:08  PAGE  4


?PR?_GSETPIXEL?T693
   +-->?PR?_GWRITECOMMAND?T693
   +-->?PR?_GWRITEDATA?T693

?PR?_GGOTOPIXEL?T693
   +-->?PR?_GWRITECOMMAND?T693
   +-->?PR?_GWRITEDATA?T693

?PR?_GWRITEBYTE?T693
   +-->?PR?_GWRITECOMMAND?T693
   +-->?PR?_GWRITEDATA?T693

?PR?_GDRAWRECT?T693
   +-->?PR?_GSETPIXEL?T693

?PR?_LONGTOASCII?MISC
   +-->?PR?_LONGTOASCII?MISC
   +-->?PR?LIB51
   +-->?PR?LIB51
   +-->?PR?LIB51
   +-->?PR?_SENDCHAR?MISC
   +-->?PR?LIB51

?PR?_PRINTSTRING?MISC
   +-->?PR?_SENDCHAR?MISC
   +-->?PR?MOVES?LIB51

?PR?DELAYHALFSEC?MISC
   +-->?PR?DELAY25MS?MISC

?PR?_CALCULATE?MAIN
   +-->?PR?_CALCULATE?MAIN
   +-->?PR?MOVES?LIB51
   +-->?PR?LIB51
   +-->?PR?MOVES?LIB51
   +-->_C_DECDP?CD
   +-->?PR?LIB51
   +-->?PR?LIB51
   +-->?PR?MOVES?LIB51
   +-->?PR?LIB51
   +-->?PR?LIB51

?PR?SENDFORMATEDDATA?MAIN
   +-->?PR?DELAY25MS?MISC
   +-->?PR?_SENDCHAR?MISC
   +-->?PR?SENDFORMATEDDATA?MAIN
   +-->?PR?LIB51
   +-->?PR?LIB51
   +-->?PR?LIB51
   +-->?PR?MOVES?LIB51
   +-->?PR?LIB51

?PR?_DISPLAY?MAIN
   +-->?PR?_DISPLAY?MAIN
   +-->?PR?_GPUTSTR?T693
   +-->?STR?MAIN
   +-->?PR?LIB51
   +-->?PR?MOVES?LIB51
   +-->?PR?_GGOTOXY?T693
   +-->?PR?_LONGTOASCII?MISC
   +-->?PR?_GPUTC?T693
   +-->?PR?LIB51
   +-->?PR?MOVES?LIB51
   +-->?PR?LIB51

?PR?_PRINT?MAIN
   +-->?PR?DELAYHALFSEC?MISC
L51 CODE BANKING LINKER/LOCATOR V4.08.06          06/07/113  08:53:08  PAGE  5

   +-->?PR?_SENDCHAR?MISC
   +-->?PR?_PRINTSTRING?MISC
   +-->?STR?MAIN
   +-->?PR?LIB51
   +-->?PR?MOVES?LIB51
   +-->?PR?_LONGTOASCII?MISC
   +-->?PR?LIB51
   +-->?PR?MOVES?LIB51
   +-->?PR?_PRINT?MAIN
   +-->?PR?LIB51

?PR?INITIALIZE?MAIN
   +-->?PR?_SENDCHAR?MISC
   +-->?PR?_RDISP_TIME?MAIN
   +-->?PR?_GPUTC?T693
   +-->?PR?_RDISP_DATE?MAIN
   +-->?PR?_GGOTOXY?T693
   +-->?PR?_RBRSTREADCLK?DS1302
   +-->?PR?_RWRITECLK?DS1302
   +-->?PR?_GPUTSTR?T693
   +-->?STR?MAIN
   +-->?PR?_GDRAWRECT?T693
   +-->?PR?_ROM_READ?EEPROM
   +-->?PR?_GWRITECOMMAND?T693
   +-->?PR?_GCLEAR?T693
   +-->?PR?GINITIALIZE?T693
   +-->?PR?_SELECTLINES?MAIN
   +-->?PR?DELAYHALFSEC?MISC

?PR?_RDISP_TIME?MAIN
   +-->?PR?_GPUTC?T693
   +-->?PR?MOVES?LIB51
   +-->?PR?MOVES?LIB51

?PR?_RDISP_DATE?MAIN
   +-->?PR?_GPUTC?T693
   +-->?PR?MOVES?LIB51

?PR?_RPRINT_TIME?MAIN
   +-->?PR?_SENDCHAR?MISC
   +-->?PR?MOVES?LIB51
   +-->?PR?MOVES?LIB51

?PR?_ROM_WRITEPAGE?MAIN
   +-->?PR?_ROM_WRITE?EEPROM
   +-->?PR?SHIFTRLS?
   +-->?PR?DELAY5MS?MISC
   +-->?PR?I2C_STOP?EEPROM
   +-->?PR?_I2C_WRITE?EEPROM
   +-->?PR?MOVES?LIB51
   +-->?PR?LIB51
   +-->?PR?I2C_START?EEPROM

?PR?MAIN?MAIN
   +-->?PR?MAIN?MAIN
   +-->?PR?_RDISP_TIME?MAIN
   +-->?PR?_GPUTC?T693
   +-->?PR?_RDISP_DATE?MAIN
   +-->?PR?_GGOTOXY?T693
   +-->?PR?_RBRSTREADCLK?DS1302
   +-->?PR?_SENDCHAR?MISC
   +-->?PR?DELAY25MS?MISC
   +-->?PR?_SELECTLINES?MAIN
   +-->?PR?DELAY5MS?MISC
   +-->?PR?SENDFORMATEDDATA?MAIN
   +-->?PR?_ROM_READ?EEPROM
   +-->?PR?_GPUTSTR?T693
   +-->?STR?MAIN
L51 CODE BANKING LINKER/LOCATOR V4.08.06          06/07/113  08:53:08  PAGE  6

   +-->?PR?LIB51
   +-->?PR?MOVES?LIB51
   +-->?PR?_GCLEAR?T693
   +-->?PR?_DISPLAY?MAIN
   +-->?PR?_GDRAWRECT?T693
   +-->?PR?_ROM_WRITE?EEPROM
   +-->?PR?_ROM_WRITEPAGE?MAIN
   +-->?PR?LIB51
   +-->?PR?_CALCULATE?MAIN
   +-->?PR?_PRINTSTRING?MISC
   +-->?PR?SHIFTRLS?
   +-->?PR?LIB51
   +-->?PR?LIB51
   +-->?PR?_LONGTOASCII?MISC
   +-->?PR?LIB51
   +-->?PR?DELAYHALFSEC?MISC
   +-->?PR?_PRINT?MAIN
   +-->?PR?LIB51
   +-->?PR?_RPRINT_TIME?MAIN
   +-->?PR?LIB51
   +-->_C_DECDP?CD
   +-->?PR?MOVES?LIB51
   +-->?PR?_RWRITECLK?DS1302
   +-->?PR?INITIALIZE?MAIN

?PR?SERIAL?MAIN
   +-->?PR?_SENDCHAR?MISC
   +-->?PR?_ROM_WRITE?EEPROM
   +-->?PR?_GPUTC?T693
   +-->?PR?_GGOTOXY?T693
   +-->?PR?SERIAL?MAIN

?PR?_ROM_READ?EEPROM
   +-->?PR?I2C_STOP?EEPROM
   +-->?PR?I2C_NOACK?EEPROM
   +-->?PR?I2C_READ?EEPROM
   +-->?PR?_I2C_WRITE?EEPROM
   +-->?PR?I2C_START?EEPROM

?PR?_ROM_WRITE?EEPROM
   +-->?PR?DELAY5MS?MISC
   +-->?PR?I2C_STOP?EEPROM
   +-->?PR?_I2C_WRITE?EEPROM
   +-->?PR?I2C_START?EEPROM

?PR?_RBRSTREADCLK?DS1302
   +-->?PR?_RWRITECLK?DS1302
   +-->?PR?MOVES?LIB51

?PR?_BINARY2BCD?DS1302
   +-->?PR?LIB51

?PR?_BCD2BINARY?DS1302
   +-->?PR?LIB51


SYMBOL TABLE FOR C:\DOCUMENTS AND SETTINGS\SAJJAD HUSSAIN\DESKTOP\CHRONO32C_C51&
_R3\CHRONO32C_R3.ABS(T693)
-------------------------------------------------------------------------------&
---------------------------

    VALUE              TYPE               NAME
    -----              ----               ----

	-------            MODULE             T693
	C:0000H            SYMBOL             _ICE_DUMMY_
	B:0007H            PUBLIC             _gDrawRect?BIT
	D:000DH            PUBLIC             _gDrawRect?BYTE
L51 CODE BANKING LINKER/LOCATOR V4.08.06          06/07/113  08:53:08  PAGE  7

	B:0009H            PUBLIC             _gSetPixel?BIT
	B:0007H            PUBLIC             _gClear?BIT
	C:04CDH            PUBLIC             gReadData
	C:06B2H            PUBLIC             _gDrawRect
	C:0680H            PUBLIC             _gGotoPixel
	C:062CH            PUBLIC             _gSetPixel
	C:05A3H            PUBLIC             _gGotoXY
	C:0505H            PUBLIC             _gWriteCommand
	C:0006H            PUBLIC             _gWriteByte
	C:04E5H            PUBLIC             _gWriteData
	C:04B5H            PUBLIC             gReadStatus
	C:0571H            PUBLIC             _gPutc
	C:0525H            PUBLIC             gInitialize
	C:0580H            PUBLIC             _gPutStr
	C:05C6H            PUBLIC             _gClear
	B:00B7H            SYMBOL             gCD
	B:00B6H            SYMBOL             gCE
	B:00B5H            SYMBOL             gRD
	B:00B4H            SYMBOL             gWR
	B:0080H            SYMBOL             gBLT
	D:00D1H            SYMBOL             FCON
	D:0097H            SYMBOL             CKRL
	D:00A2H            SYMBOL             AUXR1
	D:008EH            SYMBOL             AUXR
	D:009EH            SYMBOL             KBF
	D:009DH            SYMBOL             KBE
	D:009CH            SYMBOL             KBLS
	B:00D8H            SYMBOL             CCF0
	B:00D9H            SYMBOL             CCF1
	B:00DAH            SYMBOL             CCF2
	B:00DBH            SYMBOL             CCF3
	B:00DCH            SYMBOL             CCF4
	B:00DEH            SYMBOL             CR
	B:00DFH            SYMBOL             CF
	D:00DEH            SYMBOL             CCAPM4
	D:00EEH            SYMBOL             CCAP4L
	D:00FEH            SYMBOL             CCAP4H
	D:00DDH            SYMBOL             CCAPM3
	D:00EDH            SYMBOL             CCAP3L
	D:00FDH            SYMBOL             CCAP3H
	D:00DCH            SYMBOL             CCAPM2
	D:00ECH            SYMBOL             CCAP2L
	D:00FCH            SYMBOL             CCAP2H
	D:00DBH            SYMBOL             CCAPM1
	D:00EBH            SYMBOL             CCAP1L
	D:00FBH            SYMBOL             CCAP1H
	D:00DAH            SYMBOL             CCAPM0
	D:00EAH            SYMBOL             CCAP0L
	D:00FAH            SYMBOL             CCAP0H
	D:00E9H            SYMBOL             CL
	D:00F9H            SYMBOL             CH
	D:00D9H            SYMBOL             CMOD
	D:00D8H            SYMBOL             CCON
	B:00A8H            SYMBOL             EX0
	B:00A9H            SYMBOL             ET0
	B:00AAH            SYMBOL             EX1
	B:00ABH            SYMBOL             ET1
	B:00ACH            SYMBOL             ES
	B:00ADH            SYMBOL             ET2
	B:00AEH            SYMBOL             EC
	B:00AFH            SYMBOL             EA
	D:00B2H            SYMBOL             IPL1
	B:00B8H            SYMBOL             PX0L
	B:00B9H            SYMBOL             PT0L
	B:00BAH            SYMBOL             PX1L
	B:00BBH            SYMBOL             PT1L
	B:00BCH            SYMBOL             PSL
	B:00BDH            SYMBOL             PT2L
L51 CODE BANKING LINKER/LOCATOR V4.08.06          06/07/113  08:53:08  PAGE  8

	B:00BEH            SYMBOL             PPCL
	D:00B8H            SYMBOL             IPL0
	D:00B3H            SYMBOL             IPH1
	B:00B7H            SYMBOL             PX0H
	B:00B8H            SYMBOL             PT0H
	B:00B9H            SYMBOL             PX1H
	B:00BAH            SYMBOL             PT1H
	B:00BBH            SYMBOL             PSH
	B:00BCH            SYMBOL             PT2H
	B:00BDH            SYMBOL             PPCH
	D:00B7H            SYMBOL             IPH0
	D:00B1H            SYMBOL             IEN1
	D:00A8H            SYMBOL             IEN0
	D:009BH            SYMBOL             BDRCON
	D:009AH            SYMBOL             BRL
	D:00A9H            SYMBOL             SADDR
	D:00B9H            SYMBOL             SADEN
	D:0099H            SYMBOL             SBUF
	B:0098H            SYMBOL             RI
	B:0099H            SYMBOL             TI
	B:009AH            SYMBOL             RB8
	B:009BH            SYMBOL             TB8
	B:009CH            SYMBOL             REN
	B:009DH            SYMBOL             SM2
	B:009EH            SYMBOL             SM1
	B:009FH            SYMBOL             FE
	B:009FH            SYMBOL             SM0
	D:0098H            SYMBOL             SCON
	D:00A7H            SYMBOL             WDTPRG
	D:00A6H            SYMBOL             WDTRST
	D:00CBH            SYMBOL             RCAP2H
	D:00CAH            SYMBOL             RCAP2L
	D:00CDH            SYMBOL             TH2
	D:008DH            SYMBOL             TH1
	D:008CH            SYMBOL             TH0
	D:00CCH            SYMBOL             TL2
	D:008BH            SYMBOL             TL1
	D:008AH            SYMBOL             TL0
	D:00C9H            SYMBOL             T2MOD
	B:00C8H            SYMBOL             CP_RL2
	B:00C9H            SYMBOL             C_T2
	B:00CAH            SYMBOL             TR2
	B:00CBH            SYMBOL             EXEN2
	B:00CCH            SYMBOL             TCLK
	B:00CDH            SYMBOL             RCLK
	B:00CEH            SYMBOL             EXF2
	B:00CFH            SYMBOL             TF2
	D:00C8H            SYMBOL             T2CON
	D:0089H            SYMBOL             TMOD
	B:0088H            SYMBOL             IT0
	B:0089H            SYMBOL             IE0
	B:008AH            SYMBOL             IT1
	B:008BH            SYMBOL             IE1
	B:008CH            SYMBOL             TR0
	B:008DH            SYMBOL             TF0
	B:008EH            SYMBOL             TR1
	B:008FH            SYMBOL             TF1
	D:0088H            SYMBOL             TCON
	D:00AFH            SYMBOL             CKCON1
	D:008FH            SYMBOL             CKCON0
	D:0087H            SYMBOL             PCON
	D:0083H            SYMBOL             DPH
	D:0082H            SYMBOL             DPL
	D:0081H            SYMBOL             SP
	D:00F0H            SYMBOL             B
	D:00E0H            SYMBOL             ACC
	B:00D0H            SYMBOL             P
	B:00D1H            SYMBOL             UD
L51 CODE BANKING LINKER/LOCATOR V4.08.06          06/07/113  08:53:08  PAGE  9

	B:00D2H            SYMBOL             OV
	B:00D3H            SYMBOL             RS0
	B:00D4H            SYMBOL             RS1
	B:00D5H            SYMBOL             F0
	B:00D6H            SYMBOL             AC
	B:00D7H            SYMBOL             CY
	D:00D0H            SYMBOL             PSW
	B:00B0H            SYMBOL             RXD
	B:00B1H            SYMBOL             TXD
	B:00B2H            SYMBOL             INT0
	B:00B3H            SYMBOL             INT1
	B:00B4H            SYMBOL             T0
	B:00B5H            SYMBOL             T1
	B:00B6H            SYMBOL             WR
	B:00B7H            SYMBOL             RD
	B:00B0H            SYMBOL             P3_0
	B:00B1H            SYMBOL             P3_1
	B:00B2H            SYMBOL             P3_2
	B:00B3H            SYMBOL             P3_3
	B:00B4H            SYMBOL             P3_4
	B:00B5H            SYMBOL             P3_5
	B:00B6H            SYMBOL             P3_6
	B:00B7H            SYMBOL             P3_7
	D:00B0H            SYMBOL             P3
	B:00A0H            SYMBOL             P2_0
	B:00A1H            SYMBOL             P2_1
	B:00A2H            SYMBOL             P2_2
	B:00A3H            SYMBOL             P2_3
	B:00A4H            SYMBOL             P2_4
	B:00A5H            SYMBOL             P2_5
	B:00A6H            SYMBOL             P2_6
	B:00A7H            SYMBOL             P2_7
	D:00A0H            SYMBOL             P2
	B:0090H            SYMBOL             P1_0
	B:0091H            SYMBOL             P1_1
	B:0092H            SYMBOL             P1_2
	B:0093H            SYMBOL             P1_3
	B:0094H            SYMBOL             P1_4
	B:0095H            SYMBOL             P1_5
	B:0096H            SYMBOL             P1_6
	B:0097H            SYMBOL             P1_7
	D:0090H            SYMBOL             P1
	B:0080H            SYMBOL             P0_0
	B:0081H            SYMBOL             P0_1
	B:0082H            SYMBOL             P0_2
	B:0083H            SYMBOL             P0_3
	B:0084H            SYMBOL             P0_4
	B:0085H            SYMBOL             P0_5
	B:0086H            SYMBOL             P0_6
	B:0087H            SYMBOL             P0_7
	D:0080H            SYMBOL             P0
	-------            PROC               GREADSTATUS
	C:04B5H            LINE#              7
	C:04B5H            LINE#              7
	C:04B5H            LINE#              10
	C:04B7H            LINE#              11
	C:04B9H            LINE#              12
	C:04BCH            LINE#              13
	C:04BEH            LINE#              14
	C:04C0H            LINE#              15
	C:04C2H            LINE#              16
	C:04C4H            LINE#              17
	C:04C8H            LINE#              18
	C:04CAH            LINE#              19
	C:04CCH            LINE#              20
	C:04CCH            LINE#              21
	-------            ENDPROC            GREADSTATUS
	-------            PROC               GREADDATA
L51 CODE BANKING LINKER/LOCATOR V4.08.06          06/07/113  08:53:08  PAGE 10

	C:04CDH            LINE#              25
	C:04CDH            LINE#              25
	C:04CDH            LINE#              28
	C:04CFH            LINE#              29
	C:04D1H            LINE#              30
	C:04D4H            LINE#              31
	C:04D6H            LINE#              32
	C:04D8H            LINE#              33
	C:04DAH            LINE#              34
	C:04DCH            LINE#              35
	C:04E0H            LINE#              36
	C:04E2H            LINE#              37
	C:04E4H            LINE#              38
	C:04E4H            LINE#              39
	-------            ENDPROC            GREADDATA
	-------            PROC               _GWRITEDATA
	C:04E5H            LINE#              43
	C:04E5H            LINE#              43
	C:04E7H            LINE#              46
	C:04E7H            LINE#              44
	C:04E7H            LINE#              47
	C:04F1H            LINE#              50
	C:04F3H            LINE#              51
	C:04F5H            LINE#              52
	C:04F7H            LINE#              53
	C:04F9H            LINE#              54
	C:04FBH            LINE#              55
	C:04FDH            LINE#              56
	C:04FFH            LINE#              57
	C:0501H            LINE#              58
	C:0504H            LINE#              59
	-------            ENDPROC            _GWRITEDATA
	-------            PROC               _GWRITECOMMAND
	C:0505H            LINE#              63
	C:0505H            LINE#              63
	C:0507H            LINE#              66
	C:0507H            LINE#              64
	C:0507H            LINE#              67
	C:0511H            LINE#              70
	C:0513H            LINE#              71
	C:0515H            LINE#              72
	C:0517H            LINE#              73
	C:0519H            LINE#              74
	C:051BH            LINE#              75
	C:051DH            LINE#              76
	C:051FH            LINE#              77
	C:0521H            LINE#              78
	C:0524H            LINE#              79
	-------            ENDPROC            _GWRITECOMMAND
	-------            PROC               GINITIALIZE
	C:0525H            LINE#              82
	C:0525H            LINE#              82
	C:0525H            LINE#              84
	C:0527H            LINE#              86
	C:0529H            LINE#              87
	C:052BH            LINE#              88
	C:052DH            LINE#              93
	C:052FH            LINE#              106
	C:0534H            LINE#              109
	C:0539H            LINE#              110
	C:053EH            LINE#              111
	C:0543H            LINE#              114
	C:0548H            LINE#              115
	C:054DH            LINE#              116
	C:0552H            LINE#              119
	C:0557H            LINE#              120
	C:055CH            LINE#              121
	C:0561H            LINE#              124
L51 CODE BANKING LINKER/LOCATOR V4.08.06          06/07/113  08:53:08  PAGE 11

	C:0566H            LINE#              125
	C:056BH            LINE#              126
	C:0570H            LINE#              127
	-------            ENDPROC            GINITIALIZE
	-------            PROC               _GPUTC
	D:0051H            SYMBOL             c
	C:0571H            LINE#              132
	C:0571H            LINE#              132
	C:0573H            LINE#              134
	C:057AH            LINE#              135
	C:057FH            LINE#              136
	-------            ENDPROC            _GPUTC
	-------            PROC               _GPUTSTR
	D:0017H            SYMBOL             ch
	C:0580H            LINE#              141
	C:0580H            LINE#              141
	C:0586H            LINE#              143
	C:0591H            LINE#              142
	C:0591H            LINE#              145
	C:0598H            LINE#              146
	C:05A2H            LINE#              148
	-------            ENDPROC            _GPUTSTR
	-------            PROC               _GGOTOXY
	D:0051H            SYMBOL             y
	D:0052H            SYMBOL             x
	D:0053H            SYMBOL             gAddr
	C:05A3H            LINE#              153
	C:05A3H            LINE#              153
	C:05A7H            LINE#              156
	C:05B6H            LINE#              157
	C:05BBH            LINE#              158
	C:05C0H            LINE#              159
	C:05C5H            LINE#              160
	-------            ENDPROC            _GGOTOXY
	-------            PROC               _GCLEAR
	B:0007H            SYMBOL             ram
	D:000DH            SYMBOL             gAddr
	C:05C6H            LINE#              165
	C:05C6H            LINE#              165
	C:05C6H            LINE#              169
	C:05C9H            LINE#              166
	C:05C9H            LINE#              171
	C:05D0H            LINE#              172
	C:05D3H            LINE#              173
	C:05D8H            LINE#              174
	C:05DDH            LINE#              175
	C:05E6H            LINE#              166
	C:05E6H            LINE#              177
	C:05EBH            LINE#              178
	C:05F0H            LINE#              179
	C:05FBH            LINE#              166
	C:05FBH            LINE#              184
	C:0601H            LINE#              185
	C:0604H            LINE#              186
	C:0609H            LINE#              187
	C:060EH            LINE#              188
	C:0617H            LINE#              166
	C:0617H            LINE#              190
	C:061CH            LINE#              191
	C:0621H            LINE#              192
	C:062BH            LINE#              195
	-------            ENDPROC            _GCLEAR
	-------            PROC               _GSETPIXEL
	D:0017H            SYMBOL             row
	D:0018H            SYMBOL             column
	B:0009H            SYMBOL             set
	D:0019H            SYMBOL             gAddr
	C:062CH            LINE#              199
L51 CODE BANKING LINKER/LOCATOR V4.08.06          06/07/113  08:53:08  PAGE 12

	C:062CH            LINE#              199
	C:0630H            LINE#              202
	C:064EH            LINE#              203
	C:0653H            LINE#              204
	C:0658H            LINE#              205
	C:065DH            LINE#              206
	C:0660H            LINE#              207
	C:0670H            LINE#              209
	C:067FH            LINE#              210
	-------            ENDPROC            _GSETPIXEL
	-------            PROC               _GGOTOPIXEL
	D:0008H            SYMBOL             row
	D:0009H            SYMBOL             column
	D:000AH            SYMBOL             gAddr
	C:0680H            LINE#              214
	C:0680H            LINE#              214
	C:0684H            LINE#              217
	C:06A2H            LINE#              218
	C:06A7H            LINE#              219
	C:06ACH            LINE#              220
	C:06B1H            LINE#              221
	-------            ENDPROC            _GGOTOPIXEL
	-------            PROC               _GWRITEBYTE
	D:000CH            SYMBOL             ch
	C:0006H            LINE#              225
	C:0006H            LINE#              225
	C:0008H            LINE#              227
	C:000BH            LINE#              228
	C:0010H            LINE#              229
	-------            ENDPROC            _GWRITEBYTE
	-------            PROC               _GDRAWRECT
	D:000EH            SYMBOL             r1
	D:000FH            SYMBOL             c1
	D:0010H            SYMBOL             r2
	D:000DH            SYMBOL             c2
	B:0007H            SYMBOL             set
	D:0011H            SYMBOL             pxl
	C:06B2H            LINE#              233
	C:06B2H            LINE#              233
	C:06B8H            LINE#              236
	C:06BCH            LINE#              234
	C:06BCH            LINE#              238
	C:06C6H            LINE#              239
	C:06D1H            LINE#              238
	C:06D6H            LINE#              241
	C:06DBH            LINE#              234
	C:06DBH            LINE#              243
	C:06E6H            LINE#              244
	C:06F1H            LINE#              238
	C:06F6H            LINE#              234
	C:06F6H            LINE#              248
	C:0701H            LINE#              249
	C:070CH            LINE#              238
	C:0710H            LINE#              250
	C:071BH            LINE#              251
	C:0726H            LINE#              238
	C:072AH            LINE#              252
	C:0735H            LINE#              253
	C:0740H            LINE#              238
	C:0744H            LINE#              254
	C:074FH            LINE#              255
	C:075AH            LINE#              238
	C:075EH            LINE#              258
	-------            ENDPROC            _GDRAWRECT
	-------            ENDMOD             T693
	-------            MODULE             README
	C:0000H            SYMBOL             _ICE_DUMMY_
	-------            ENDMOD             README
L51 CODE BANKING LINKER/LOCATOR V4.08.06          06/07/113  08:53:08  PAGE 13

	-------            MODULE             MISC
	C:0000H            SYMBOL             _ICE_DUMMY_
	B:0007H            PUBLIC             _LongToAscii?BIT
	C:075FH            PUBLIC             _LongToAscii
	B:00B7H            SYMBOL             gCD
	B:00B6H            SYMBOL             gCE
	B:00B5H            SYMBOL             gRD
	B:00B4H            SYMBOL             gWR
	B:0080H            SYMBOL             gBLT
	C:0843H            PUBLIC             _SendChar
	C:0852H            PUBLIC             _PrintString
	C:0898H            PUBLIC             DelayHalfSec
	C:0888H            PUBLIC             Delay25ms
	C:0878H            PUBLIC             Delay5ms
	D:00D1H            SYMBOL             FCON
	D:0097H            SYMBOL             CKRL
	D:00A2H            SYMBOL             AUXR1
	D:008EH            SYMBOL             AUXR
	D:009EH            SYMBOL             KBF
	D:009DH            SYMBOL             KBE
	D:009CH            SYMBOL             KBLS
	B:00D8H            SYMBOL             CCF0
	B:00D9H            SYMBOL             CCF1
	B:00DAH            SYMBOL             CCF2
	B:00DBH            SYMBOL             CCF3
	B:00DCH            SYMBOL             CCF4
	B:00DEH            SYMBOL             CR
	B:00DFH            SYMBOL             CF
	D:00DEH            SYMBOL             CCAPM4
	D:00EEH            SYMBOL             CCAP4L
	D:00FEH            SYMBOL             CCAP4H
	D:00DDH            SYMBOL             CCAPM3
	D:00EDH            SYMBOL             CCAP3L
	D:00FDH            SYMBOL             CCAP3H
	D:00DCH            SYMBOL             CCAPM2
	D:00ECH            SYMBOL             CCAP2L
	D:00FCH            SYMBOL             CCAP2H
	D:00DBH            SYMBOL             CCAPM1
	D:00EBH            SYMBOL             CCAP1L
	D:00FBH            SYMBOL             CCAP1H
	D:00DAH            SYMBOL             CCAPM0
	D:00EAH            SYMBOL             CCAP0L
	D:00FAH            SYMBOL             CCAP0H
	D:00E9H            SYMBOL             CL
	D:00F9H            SYMBOL             CH
	D:00D9H            SYMBOL             CMOD
	D:00D8H            SYMBOL             CCON
	B:00A8H            SYMBOL             EX0
	B:00A9H            SYMBOL             ET0
	B:00AAH            SYMBOL             EX1
	B:00ABH            SYMBOL             ET1
	B:00ACH            SYMBOL             ES
	B:00ADH            SYMBOL             ET2
	B:00AEH            SYMBOL             EC
	B:00AFH            SYMBOL             EA
	D:00B2H            SYMBOL             IPL1
	B:00B8H            SYMBOL             PX0L
	B:00B9H            SYMBOL             PT0L
	B:00BAH            SYMBOL             PX1L
	B:00BBH            SYMBOL             PT1L
	B:00BCH            SYMBOL             PSL
	B:00BDH            SYMBOL             PT2L
	B:00BEH            SYMBOL             PPCL
	D:00B8H            SYMBOL             IPL0
	D:00B3H            SYMBOL             IPH1
	B:00B7H            SYMBOL             PX0H
	B:00B8H            SYMBOL             PT0H
	B:00B9H            SYMBOL             PX1H
L51 CODE BANKING LINKER/LOCATOR V4.08.06          06/07/113  08:53:08  PAGE 14

	B:00BAH            SYMBOL             PT1H
	B:00BBH            SYMBOL             PSH
	B:00BCH            SYMBOL             PT2H
	B:00BDH            SYMBOL             PPCH
	D:00B7H            SYMBOL             IPH0
	D:00B1H            SYMBOL             IEN1
	D:00A8H            SYMBOL             IEN0
	D:009BH            SYMBOL             BDRCON
	D:009AH            SYMBOL             BRL
	D:00A9H            SYMBOL             SADDR
	D:00B9H            SYMBOL             SADEN
	D:0099H            SYMBOL             SBUF
	B:0098H            SYMBOL             RI
	B:0099H            SYMBOL             TI
	B:009AH            SYMBOL             RB8
	B:009BH            SYMBOL             TB8
	B:009CH            SYMBOL             REN
	B:009DH            SYMBOL             SM2
	B:009EH            SYMBOL             SM1
	B:009FH            SYMBOL             FE
	B:009FH            SYMBOL             SM0
	D:0098H            SYMBOL             SCON
	D:00A7H            SYMBOL             WDTPRG
	D:00A6H            SYMBOL             WDTRST
	D:00CBH            SYMBOL             RCAP2H
	D:00CAH            SYMBOL             RCAP2L
	D:00CDH            SYMBOL             TH2
	D:008DH            SYMBOL             TH1
	D:008CH            SYMBOL             TH0
	D:00CCH            SYMBOL             TL2
	D:008BH            SYMBOL             TL1
	D:008AH            SYMBOL             TL0
	D:00C9H            SYMBOL             T2MOD
	B:00C8H            SYMBOL             CP_RL2
	B:00C9H            SYMBOL             C_T2
	B:00CAH            SYMBOL             TR2
	B:00CBH            SYMBOL             EXEN2
	B:00CCH            SYMBOL             TCLK
	B:00CDH            SYMBOL             RCLK
	B:00CEH            SYMBOL             EXF2
	B:00CFH            SYMBOL             TF2
	D:00C8H            SYMBOL             T2CON
	D:0089H            SYMBOL             TMOD
	B:0088H            SYMBOL             IT0
	B:0089H            SYMBOL             IE0
	B:008AH            SYMBOL             IT1
	B:008BH            SYMBOL             IE1
	B:008CH            SYMBOL             TR0
	B:008DH            SYMBOL             TF0
	B:008EH            SYMBOL             TR1
	B:008FH            SYMBOL             TF1
	D:0088H            SYMBOL             TCON
	D:00AFH            SYMBOL             CKCON1
	D:008FH            SYMBOL             CKCON0
	D:0087H            SYMBOL             PCON
	D:0083H            SYMBOL             DPH
	D:0082H            SYMBOL             DPL
	D:0081H            SYMBOL             SP
	D:00F0H            SYMBOL             B
	D:00E0H            SYMBOL             ACC
	B:00D0H            SYMBOL             P
	B:00D1H            SYMBOL             UD
	B:00D2H            SYMBOL             OV
	B:00D3H            SYMBOL             RS0
	B:00D4H            SYMBOL             RS1
	B:00D5H            SYMBOL             F0
	B:00D6H            SYMBOL             AC
	B:00D7H            SYMBOL             CY
L51 CODE BANKING LINKER/LOCATOR V4.08.06          06/07/113  08:53:08  PAGE 15

	D:00D0H            SYMBOL             PSW
	B:00B0H            SYMBOL             RXD
	B:00B1H            SYMBOL             TXD
	B:00B2H            SYMBOL             INT0
	B:00B3H            SYMBOL             INT1
	B:00B4H            SYMBOL             T0
	B:00B5H            SYMBOL             T1
	B:00B6H            SYMBOL             WR
	B:00B7H            SYMBOL             RD
	B:00B0H            SYMBOL             P3_0
	B:00B1H            SYMBOL             P3_1
	B:00B2H            SYMBOL             P3_2
	B:00B3H            SYMBOL             P3_3
	B:00B4H            SYMBOL             P3_4
	B:00B5H            SYMBOL             P3_5
	B:00B6H            SYMBOL             P3_6
	B:00B7H            SYMBOL             P3_7
	D:00B0H            SYMBOL             P3
	B:00A0H            SYMBOL             P2_0
	B:00A1H            SYMBOL             P2_1
	B:00A2H            SYMBOL             P2_2
	B:00A3H            SYMBOL             P2_3
	B:00A4H            SYMBOL             P2_4
	B:00A5H            SYMBOL             P2_5
	B:00A6H            SYMBOL             P2_6
	B:00A7H            SYMBOL             P2_7
	D:00A0H            SYMBOL             P2
	B:0090H            SYMBOL             P1_0
	B:0091H            SYMBOL             P1_1
	B:0092H            SYMBOL             P1_2
	B:0093H            SYMBOL             P1_3
	B:0094H            SYMBOL             P1_4
	B:0095H            SYMBOL             P1_5
	B:0096H            SYMBOL             P1_6
	B:0097H            SYMBOL             P1_7
	D:0090H            SYMBOL             P1
	B:0080H            SYMBOL             P0_0
	B:0081H            SYMBOL             P0_1
	B:0082H            SYMBOL             P0_2
	B:0083H            SYMBOL             P0_3
	B:0084H            SYMBOL             P0_4
	B:0085H            SYMBOL             P0_5
	B:0086H            SYMBOL             P0_6
	B:0087H            SYMBOL             P0_7
	D:0080H            SYMBOL             P0
	-------            PROC               _LONGTOASCII
	D:0017H            SYMBOL             Value
	B:0007H            SYMBOL             Device_type
	D:001BH            SYMBOL             Divisor
	D:001FH            SYMBOL             i
	B:0008H            SYMBOL             isDivisible
	C:075FH            LINE#              8
	C:075FH            LINE#              8
	C:0767H            LINE#              11
	C:0773H            LINE#              13
	C:0775H            LINE#              14
	C:077BH            LINE#              9
	C:077BH            LINE#              16
	C:077EH            LINE#              17
	C:0784H            LINE#              19
	C:0789H            LINE#              20
	C:078AH            LINE#              24
	C:078DH            LINE#              9
	C:078DH            LINE#              26
	C:07A7H            LINE#              27
	C:07AAH            LINE#              9
	C:07AAH            LINE#              29
	C:07ADH            LINE#              30
L51 CODE BANKING LINKER/LOCATOR V4.08.06          06/07/113  08:53:08  PAGE 16

	C:07C9H            LINE#              32
	C:07E3H            LINE#              33
	C:081CH            LINE#              35
	C:0836H            LINE#              24
	C:0842H            LINE#              37
	-------            ENDPROC            _LONGTOASCII
	-------            PROC               _SENDCHAR
	C:0843H            LINE#              41
	C:0843H            LINE#              41
	C:0843H            LINE#              43
	C:0845H            LINE#              44
	C:084CH            LINE#              45
	C:0851H            LINE#              47
	-------            ENDPROC            _SENDCHAR
	-------            PROC               _PRINTSTRING
	C:0852H            LINE#              52
	C:0852H            LINE#              52
	C:0858H            LINE#              54
	C:0863H            LINE#              53
	C:0863H            LINE#              56
	C:0870H            LINE#              57
	C:0877H            LINE#              59
	-------            ENDPROC            _PRINTSTRING
	-------            PROC               DELAY5MS
	C:0878H            LINE#              62
	C:0878H            LINE#              62
	C:0878H            LINE#              64
	C:087BH            LINE#              65
	C:087EH            LINE#              66
	C:0880H            LINE#              67
	C:0883H            LINE#              68
	C:0885H            LINE#              69
	C:0887H            LINE#              70
	-------            ENDPROC            DELAY5MS
	-------            PROC               DELAY25MS
	C:0888H            LINE#              73
	C:0888H            LINE#              73
	C:0888H            LINE#              75
	C:088BH            LINE#              76
	C:088EH            LINE#              77
	C:0890H            LINE#              78
	C:0893H            LINE#              79
	C:0895H            LINE#              80
	C:0897H            LINE#              81
	-------            ENDPROC            DELAY25MS
	-------            PROC               DELAYHALFSEC
	C:0898H            LINE#              84
	C:0898H            LINE#              84
	C:0898H            LINE#              87
	C:089AH            LINE#              88
	C:089DH            LINE#              87
	C:08A1H            LINE#              89
	-------            ENDPROC            DELAYHALFSEC
	-------            ENDMOD             MISC
	-------            MODULE             MAIN
	C:0000H            SYMBOL             _ICE_DUMMY_
	C:3ACAH            PUBLIC             Timer1_OneSec
	C:396BH            PUBLIC             Serial
	C:3963H            PUBLIC             StartInt
	C:392DH            PUBLIC             KeyInt
	C:1BBBH            PUBLIC             main
	B:0006H            PUBLIC             autoprint
	D:0050H            PUBLIC             beepLmt
	D:004FH            PUBLIC             beepCnt
	D:000DH            PUBLIC             _Print?BYTE
	C:127BH            PUBLIC             _Print
	D:000DH            PUBLIC             _Display?BYTE
	C:10DAH            PUBLIC             _Display
L51 CODE BANKING LINKER/LOCATOR V4.08.06          06/07/113  08:53:08  PAGE 17

	C:08BBH            PUBLIC             _Calculate
	C:08A2H            PUBLIC             _SelectLines
	D:004BH            PUBLIC             max
	D:0047H            PUBLIC             min
	D:0046H            PUBLIC             next
	D:0045H            PUBLIC             state
	X:00EEH            PUBLIC             rxChr
	D:0042H            PUBLIC             mStr
	B:0005H            PUBLIC             run
	B:0004H            PUBLIC             isInit
	B:0003H            PUBLIC             rtc_Problem
	B:0002H            PUBLIC             rxFlag
	B:0001H            PUBLIC             multi
	B:0000H            PUBLIC             AllStops
	D:0041H            PUBLIC             p
	D:0040H            PUBLIC             Key
	D:003FH            PUBLIC             qPtr
	D:003EH            PUBLIC             qRear
	D:003DH            PUBLIC             qReadings
	D:003CH            PUBLIC             qHits
	D:003BH            PUBLIC             DigitKey
	D:003AH            PUBLIC             CurCol
	X:00E7H            PUBLIC             time
	D:0036H            PUBLIC             EstJtr
	D:0032H            PUBLIC             Whole
	D:002EH            PUBLIC             Counter
	D:002DH            PUBLIC             Stop
	D:002CH            PUBLIC             Start
	D:002BH            PUBLIC             last
	D:002AH            PUBLIC             rxState
	D:0029H            PUBLIC             system
	D:0028H            PUBLIC             jtrCh
	D:0027H            PUBLIC             prntCh
	D:0026H            PUBLIC             scrn
	D:0025H            PUBLIC             FPGA
	D:0024H            PUBLIC             StartTh2
	D:0023H            PUBLIC             StopTh1
	D:0022H            PUBLIC             rxCnt
	X:00E0H            PUBLIC             tSave
	X:0060H            PUBLIC             Interval
	X:0040H            PUBLIC             offset
	X:0000H            PUBLIC             rxBuf
	C:0B99H            PUBLIC             SendFormatedData
	C:13BAH            PUBLIC             Initialize
	C:179BH            PUBLIC             _rPrint_Time
	C:16E5H            PUBLIC             _rDisp_Date
	C:1636H            PUBLIC             _rDisp_Time
	B:0094H            SYMBOL             IO1
	B:0093H            SYMBOL             SEL0
	B:0092H            SYMBOL             IO2
	B:0091H            SYMBOL             SEL1
	B:0090H            SYMBOL             BEEP
	B:0087H            SYMBOL             kCE
	B:0084H            SYMBOL             LDRMT
	B:0083H            SYMBOL             LDRDY
	B:0082H            SYMBOL             LDSTP
	B:0081H            SYMBOL             LDSRT
	B:00B7H            SYMBOL             gCD
	B:00B6H            SYMBOL             gCE
	B:00B5H            SYMBOL             gRD
	B:00B4H            SYMBOL             gWR
	B:0080H            SYMBOL             gBLT
	B:0097H            SYMBOL             rRST
	B:0096H            SYMBOL             rIO
	B:0095H            SYMBOL             rSCLK
	C:1904H            PUBLIC             _ROM_WritePage
	B:0086H            SYMBOL             eSCL
	B:0085H            SYMBOL             eSDA
L51 CODE BANKING LINKER/LOCATOR V4.08.06          06/07/113  08:53:08  PAGE 18

	D:00D1H            SYMBOL             FCON
	D:0097H            SYMBOL             CKRL
	D:00A2H            SYMBOL             AUXR1
	D:008EH            SYMBOL             AUXR
	D:009EH            SYMBOL             KBF
	D:009DH            SYMBOL             KBE
	D:009CH            SYMBOL             KBLS
	B:00D8H            SYMBOL             CCF0
	B:00D9H            SYMBOL             CCF1
	B:00DAH            SYMBOL             CCF2
	B:00DBH            SYMBOL             CCF3
	B:00DCH            SYMBOL             CCF4
	B:00DEH            SYMBOL             CR
	B:00DFH            SYMBOL             CF
	D:00DEH            SYMBOL             CCAPM4
	D:00EEH            SYMBOL             CCAP4L
	D:00FEH            SYMBOL             CCAP4H
	D:00DDH            SYMBOL             CCAPM3
	D:00EDH            SYMBOL             CCAP3L
	D:00FDH            SYMBOL             CCAP3H
	D:00DCH            SYMBOL             CCAPM2
	D:00ECH            SYMBOL             CCAP2L
	D:00FCH            SYMBOL             CCAP2H
	D:00DBH            SYMBOL             CCAPM1
	D:00EBH            SYMBOL             CCAP1L
	D:00FBH            SYMBOL             CCAP1H
	D:00DAH            SYMBOL             CCAPM0
	D:00EAH            SYMBOL             CCAP0L
	D:00FAH            SYMBOL             CCAP0H
	D:00E9H            SYMBOL             CL
	D:00F9H            SYMBOL             CH
	D:00D9H            SYMBOL             CMOD
	D:00D8H            SYMBOL             CCON
	B:00A8H            SYMBOL             EX0
	B:00A9H            SYMBOL             ET0
	B:00AAH            SYMBOL             EX1
	B:00ABH            SYMBOL             ET1
	B:00ACH            SYMBOL             ES
	B:00ADH            SYMBOL             ET2
	B:00AEH            SYMBOL             EC
	B:00AFH            SYMBOL             EA
	D:00B2H            SYMBOL             IPL1
	B:00B8H            SYMBOL             PX0L
	B:00B9H            SYMBOL             PT0L
	B:00BAH            SYMBOL             PX1L
	B:00BBH            SYMBOL             PT1L
	B:00BCH            SYMBOL             PSL
	B:00BDH            SYMBOL             PT2L
	B:00BEH            SYMBOL             PPCL
	D:00B8H            SYMBOL             IPL0
	D:00B3H            SYMBOL             IPH1
	B:00B7H            SYMBOL             PX0H
	B:00B8H            SYMBOL             PT0H
	B:00B9H            SYMBOL             PX1H
	B:00BAH            SYMBOL             PT1H
	B:00BBH            SYMBOL             PSH
	B:00BCH            SYMBOL             PT2H
	B:00BDH            SYMBOL             PPCH
	D:00B7H            SYMBOL             IPH0
	D:00B1H            SYMBOL             IEN1
	D:00A8H            SYMBOL             IEN0
	D:009BH            SYMBOL             BDRCON
	D:009AH            SYMBOL             BRL
	D:00A9H            SYMBOL             SADDR
	D:00B9H            SYMBOL             SADEN
	D:0099H            SYMBOL             SBUF
	B:0098H            SYMBOL             RI
	B:0099H            SYMBOL             TI
L51 CODE BANKING LINKER/LOCATOR V4.08.06          06/07/113  08:53:08  PAGE 19

	B:009AH            SYMBOL             RB8
	B:009BH            SYMBOL             TB8
	B:009CH            SYMBOL             REN
	B:009DH            SYMBOL             SM2
	B:009EH            SYMBOL             SM1
	B:009FH            SYMBOL             FE
	B:009FH            SYMBOL             SM0
	D:0098H            SYMBOL             SCON
	D:00A7H            SYMBOL             WDTPRG
	D:00A6H            SYMBOL             WDTRST
	D:00CBH            SYMBOL             RCAP2H
	D:00CAH            SYMBOL             RCAP2L
	D:00CDH            SYMBOL             TH2
	D:008DH            SYMBOL             TH1
	D:008CH            SYMBOL             TH0
	D:00CCH            SYMBOL             TL2
	D:008BH            SYMBOL             TL1
	D:008AH            SYMBOL             TL0
	D:00C9H            SYMBOL             T2MOD
	B:00C8H            SYMBOL             CP_RL2
	B:00C9H            SYMBOL             C_T2
	B:00CAH            SYMBOL             TR2
	B:00CBH            SYMBOL             EXEN2
	B:00CCH            SYMBOL             TCLK
	B:00CDH            SYMBOL             RCLK
	B:00CEH            SYMBOL             EXF2
	B:00CFH            SYMBOL             TF2
	D:00C8H            SYMBOL             T2CON
	D:0089H            SYMBOL             TMOD
	B:0088H            SYMBOL             IT0
	B:0089H            SYMBOL             IE0
	B:008AH            SYMBOL             IT1
	B:008BH            SYMBOL             IE1
	B:008CH            SYMBOL             TR0
	B:008DH            SYMBOL             TF0
	B:008EH            SYMBOL             TR1
	B:008FH            SYMBOL             TF1
	D:0088H            SYMBOL             TCON
	D:00AFH            SYMBOL             CKCON1
	D:008FH            SYMBOL             CKCON0
	D:0087H            SYMBOL             PCON
	D:0083H            SYMBOL             DPH
	D:0082H            SYMBOL             DPL
	D:0081H            SYMBOL             SP
	D:00F0H            SYMBOL             B
	D:00E0H            SYMBOL             ACC
	B:0041H            PUBLIC             P
	B:00D1H            SYMBOL             UD
	B:00D2H            SYMBOL             OV
	B:00D3H            SYMBOL             RS0
	B:00D4H            SYMBOL             RS1
	B:00D5H            SYMBOL             F0
	B:00D6H            SYMBOL             AC
	B:00D7H            SYMBOL             CY
	D:00D0H            SYMBOL             PSW
	B:00B0H            SYMBOL             RXD
	B:00B1H            SYMBOL             TXD
	B:00B2H            SYMBOL             INT0
	B:00B3H            SYMBOL             INT1
	B:00B4H            SYMBOL             T0
	B:00B5H            SYMBOL             T1
	B:00B6H            SYMBOL             WR
	B:00B7H            SYMBOL             RD
	B:00B0H            SYMBOL             P3_0
	B:00B1H            SYMBOL             P3_1
	B:00B2H            SYMBOL             P3_2
	B:00B3H            SYMBOL             P3_3
	B:00B4H            SYMBOL             P3_4
L51 CODE BANKING LINKER/LOCATOR V4.08.06          06/07/113  08:53:08  PAGE 20

	B:00B5H            SYMBOL             P3_5
	B:00B6H            SYMBOL             P3_6
	B:00B7H            SYMBOL             P3_7
	D:00B0H            SYMBOL             P3
	B:00A0H            SYMBOL             P2_0
	B:00A1H            SYMBOL             P2_1
	B:00A2H            SYMBOL             P2_2
	B:00A3H            SYMBOL             P2_3
	B:00A4H            SYMBOL             P2_4
	B:00A5H            SYMBOL             P2_5
	B:00A6H            SYMBOL             P2_6
	B:00A7H            SYMBOL             P2_7
	D:00A0H            SYMBOL             P2
	B:0090H            SYMBOL             P1_0
	B:0091H            SYMBOL             P1_1
	B:0092H            SYMBOL             P1_2
	B:0093H            SYMBOL             P1_3
	B:0094H            SYMBOL             P1_4
	B:0095H            SYMBOL             P1_5
	B:0096H            SYMBOL             P1_6
	B:0097H            SYMBOL             P1_7
	D:0090H            SYMBOL             P1
	B:0080H            SYMBOL             P0_0
	B:0081H            SYMBOL             P0_1
	B:0082H            SYMBOL             P0_2
	B:0083H            SYMBOL             P0_3
	B:0084H            SYMBOL             P0_4
	B:0085H            SYMBOL             P0_5
	B:0086H            SYMBOL             P0_6
	B:0087H            SYMBOL             P0_7
	D:0080H            SYMBOL             P0
	-------            PROC               _SELECTLINES
	C:08A2H            LINE#              202
	C:08A2H            LINE#              202
	C:08A2H            LINE#              207
	C:08ACH            LINE#              203
	C:08ACH            LINE#              210
	C:08B0H            LINE#              211
	C:08B1H            LINE#              213
	C:08B5H            LINE#              214
	C:08B6H            LINE#              216
	C:08BAH            LINE#              217
	C:08BAH            LINE#              220
	-------            ENDPROC            _SELECTLINES
	-------            PROC               _CALCULATE
	D:000DH            SYMBOL             FPGA_No
	D:000EH            SYMBOL             pp
	C:08BBH            LINE#              225
	C:08BBH            LINE#              225
	C:08BDH            LINE#              228
	C:08C4H            LINE#              229
	C:08CAH            LINE#              230
	C:08D0H            LINE#              231
	C:08D3H            LINE#              226
	C:08D3H            LINE#              234
	C:08E1H            LINE#              236
	C:0974H            LINE#              237
	C:098EH            LINE#              226
	C:098EH            LINE#              239
	C:0994H            LINE#              240
	C:0A10H            LINE#              242
	C:0A7FH            LINE#              243
	C:0ACDH            LINE#              244
	C:0AE8H            LINE#              245
	C:0B0DH            LINE#              246
	C:0B34H            LINE#              247
	C:0B5BH            LINE#              226
	C:0B5BH            LINE#              251
L51 CODE BANKING LINKER/LOCATOR V4.08.06          06/07/113  08:53:08  PAGE 21

	C:0B78H            LINE#              231
	C:0B84H            LINE#              254
	C:0B8EH            LINE#              255
	C:0B98H            LINE#              256
	-------            ENDPROC            _CALCULATE
	-------            PROC               SENDFORMATEDDATA
	D:0011H            SYMBOL             pp
	D:0016H            SYMBOL             dg
	D:000DH            SYMBOL             Divisor
	D:0012H            SYMBOL             tempInterval
	C:0B99H            LINE#              259
	C:0B99H            LINE#              259
	C:0B99H            LINE#              262
	C:0BA5H            LINE#              264
	C:0BADH            LINE#              265
	C:0BB5H            LINE#              266
	C:0BBDH            LINE#              267
	C:0BC5H            LINE#              268
	C:0BCDH            LINE#              269
	C:0BD5H            LINE#              270
	C:0BDDH            LINE#              271
	C:0BECH            LINE#              272
	C:0BFDH            LINE#              273
	C:0C05H            LINE#              274
	C:0C0DH            LINE#              275
	C:0C15H            LINE#              276
	C:0C1DH            LINE#              277
	C:0C25H            LINE#              278
	C:0C2DH            LINE#              279
	C:0C35H            LINE#              280
	C:0C3DH            LINE#              281
	C:0C45H            LINE#              282
	C:0C4DH            LINE#              283
	C:0C55H            LINE#              284
	C:0C5DH            LINE#              285
	C:0C60H            LINE#              260
	C:0C60H            LINE#              287
	C:0C7AH            LINE#              288
	C:0C94H            LINE#              289
	C:0C9CH            LINE#              291
	C:0CBCH            LINE#              260
	C:0CBCH            LINE#              293
	C:0CC4H            LINE#              294
	C:0CE0H            LINE#              295
	C:0CECH            LINE#              296
	C:0CEEH            LINE#              260
	C:0CEEH            LINE#              298
	C:0D0BH            LINE#              299
	C:0D26H            LINE#              300
	C:0D40H            LINE#              296
	C:0D49H            LINE#              260
	C:0D49H            LINE#              305
	C:0D51H            LINE#              306
	C:0D54H            LINE#              260
	C:0D54H            LINE#              308
	C:0D5CH            LINE#              296
	C:0D63H            LINE#              311
	C:0D6BH            LINE#              312
	C:0D73H            LINE#              285
	C:0D7FH            LINE#              314
	C:0D87H            LINE#              315
	C:0D8FH            LINE#              316
	-------            ENDPROC            SENDFORMATEDDATA
	-------            PROC               _DISPLAY
	D:0011H            SYMBOL             FPGA_No
	D:000DH            SYMBOL             Reference
	D:0012H            SYMBOL             pp
	C:10DAH            LINE#              323
L51 CODE BANKING LINKER/LOCATOR V4.08.06          06/07/113  08:53:08  PAGE 22

	C:10DAH            LINE#              323
	C:10DCH            LINE#              326
	C:10E3H            LINE#              327
	C:10E6H            LINE#              324
	C:10E6H            LINE#              329
	C:10F0H            LINE#              330
	C:112CH            LINE#              331
	C:1131H            LINE#              332
	C:1136H            LINE#              333
	C:115FH            LINE#              324
	C:115FH            LINE#              335
	C:1189H            LINE#              324
	C:1189H            LINE#              337
	C:11B7H            LINE#              324
	C:11B7H            LINE#              341
	C:11E3H            LINE#              342
	C:11E8H            LINE#              344
	C:11F5H            LINE#              345
	C:11FFH            LINE#              346
	C:1227H            LINE#              347
	C:1232H            LINE#              348
	C:125AH            LINE#              349
	C:1265H            LINE#              352
	C:126EH            LINE#              327
	C:127AH            LINE#              354
	-------            ENDPROC            _DISPLAY
	-------            PROC               _PRINT
	D:0011H            SYMBOL             Chan
	D:000DH            SYMBOL             Reference
	C:127BH            LINE#              362
	C:127BH            LINE#              362
	C:127DH            LINE#              365
	C:12ABH            LINE#              366
	C:12B0H            LINE#              367
	C:12B5H            LINE#              368
	C:12D5H            LINE#              363
	C:12D5H            LINE#              370
	C:12F6H            LINE#              363
	C:12F6H            LINE#              372
	C:131BH            LINE#              363
	C:131BH            LINE#              376
	C:133EH            LINE#              377
	C:1343H            LINE#              379
	C:1350H            LINE#              380
	C:136FH            LINE#              381
	C:137AH            LINE#              382
	C:1398H            LINE#              363
	C:1398H            LINE#              384
	C:13A3H            LINE#              388
	C:13ACH            LINE#              389
	C:13B1H            LINE#              390
	C:13B6H            LINE#              391
	C:13B9H            LINE#              392
	-------            ENDPROC            _PRINT
	-------            PROC               INITIALIZE
	C:13BAH            LINE#              396
	C:13BAH            LINE#              396
	C:13BAH            LINE#              398
	C:13C3H            LINE#              399
	C:13C9H            LINE#              400
	C:13CCH            LINE#              401
	C:13D4H            LINE#              402
	C:13D6H            LINE#              404
	C:13DEH            LINE#              405
	C:13E1H            LINE#              406
	C:13E9H            LINE#              407
	C:13ECH            LINE#              408
	C:13F4H            LINE#              409
L51 CODE BANKING LINKER/LOCATOR V4.08.06          06/07/113  08:53:08  PAGE 23

	C:13F7H            LINE#              410
	C:13FFH            LINE#              412
	C:1404H            LINE#              414
	C:1407H            LINE#              415
	C:140CH            LINE#              416
	C:1411H            LINE#              417
	C:1416H            LINE#              420
	C:141FH            LINE#              421
	C:1428H            LINE#              423
	C:1438H            LINE#              424
	C:1446H            LINE#              425
	C:1454H            LINE#              426
	C:1462H            LINE#              428
	C:1472H            LINE#              429
	C:1482H            LINE#              430
	C:1492H            LINE#              431
	C:14A2H            LINE#              434
	C:14A5H            LINE#              435
	C:14ABH            LINE#              436
	C:14B1H            LINE#              437
	C:14B4H            LINE#              438
	C:14BAH            LINE#              441
	C:14BCH            LINE#              444
	C:14BEH            LINE#              447
	C:14C0H            LINE#              448
	C:14C2H            LINE#              449
	C:14C4H            LINE#              456
	C:14E5H            LINE#              457
	C:1505H            LINE#              458
	C:1525H            LINE#              459
	C:1545H            LINE#              462
	C:154AH            LINE#              463
	C:154FH            LINE#              464
	C:1554H            LINE#              465
	C:1559H            LINE#              469
	C:1562H            LINE#              470
	C:156EH            LINE#              471
	C:157AH            LINE#              472
	C:1586H            LINE#              473
	C:1592H            LINE#              474
	C:159EH            LINE#              475
	C:15AAH            LINE#              476
	C:15ADH            LINE#              397
	C:15ADH            LINE#              479
	C:15B4H            LINE#              480
	C:15BBH            LINE#              481
	C:15C2H            LINE#              482
	C:15C9H            LINE#              483
	C:15D0H            LINE#              484
	C:15D7H            LINE#              485
	C:15DEH            LINE#              486
	C:15E5H            LINE#              487
	C:15ECH            LINE#              488
	C:15F3H            LINE#              490
	C:15F6H            LINE#              492
	C:15FFH            LINE#              493
	C:1606H            LINE#              494
	C:160FH            LINE#              495
	C:1619H            LINE#              496
	C:1622H            LINE#              498
	C:1625H            LINE#              499
	C:1628H            LINE#              500
	C:162CH            LINE#              504
	C:162EH            LINE#              507
	C:1633H            LINE#              508
	C:1635H            LINE#              509
	-------            ENDPROC            INITIALIZE
	-------            PROC               _RDISP_TIME
L51 CODE BANKING LINKER/LOCATOR V4.08.06          06/07/113  08:53:08  PAGE 24

	D:000DH            SYMBOL             tm
	C:1636H            LINE#              514
	C:1636H            LINE#              514
	C:163CH            LINE#              516
	C:165BH            LINE#              517
	C:166FH            LINE#              518
	C:1674H            LINE#              519
	C:1699H            LINE#              520
	C:16ADH            LINE#              521
	C:16B2H            LINE#              522
	C:16D3H            LINE#              523
	C:16E4H            LINE#              524
	-------            ENDPROC            _RDISP_TIME
	-------            PROC               _RDISP_DATE
	D:000DH            SYMBOL             tm
	C:16E5H            LINE#              528
	C:16E5H            LINE#              528
	C:16EBH            LINE#              530
	C:170AH            LINE#              531
	C:171EH            LINE#              532
	C:1723H            LINE#              533
	C:1748H            LINE#              534
	C:175CH            LINE#              535
	C:1761H            LINE#              536
	C:1786H            LINE#              537
	C:179AH            LINE#              539
	-------            ENDPROC            _RDISP_DATE
	-------            PROC               _RPRINT_TIME
	D:000DH            SYMBOL             tm
	C:179BH            LINE#              543
	C:179BH            LINE#              543
	C:17A1H            LINE#              545
	C:17C0H            LINE#              546
	C:17D4H            LINE#              547
	C:17D9H            LINE#              548
	C:17FEH            LINE#              549
	C:1812H            LINE#              550
	C:1817H            LINE#              551
	C:1838H            LINE#              552
	C:1849H            LINE#              553
	C:184EH            LINE#              554
	C:1873H            LINE#              555
	C:1887H            LINE#              556
	C:188CH            LINE#              557
	C:18B1H            LINE#              558
	C:18C5H            LINE#              559
	C:18CAH            LINE#              560
	C:18EFH            LINE#              561
	C:1903H            LINE#              562
	-------            ENDPROC            _RPRINT_TIME
	-------            PROC               _ROM_WRITEPAGE
	D:000DH            SYMBOL             addr
	D:000FH            SYMBOL             pp
	C:1904H            LINE#              566
	C:1904H            LINE#              566
	C:1908H            LINE#              571
	C:190BH            LINE#              572
	C:1910H            LINE#              573
	C:191DH            LINE#              574
	C:1922H            LINE#              575
	C:1925H            LINE#              567
	C:1925H            LINE#              577
	C:193AH            LINE#              578
	C:1953H            LINE#              579
	C:196CH            LINE#              580
	C:1985H            LINE#              575
	C:198CH            LINE#              582
	C:198FH            LINE#              583
L51 CODE BANKING LINKER/LOCATOR V4.08.06          06/07/113  08:53:08  PAGE 25

	C:1992H            LINE#              584
	C:1995H            LINE#              586
	C:1998H            LINE#              587
	C:199DH            LINE#              588
	C:19B3H            LINE#              589
	C:19BBH            LINE#              590
	C:19BEH            LINE#              567
	C:19BEH            LINE#              592
	C:19D3H            LINE#              593
	C:19ECH            LINE#              594
	C:1A05H            LINE#              595
	C:1A1EH            LINE#              575
	C:1A25H            LINE#              597
	C:1A28H            LINE#              598
	C:1A2BH            LINE#              599
	C:1A2EH            LINE#              602
	C:1A3DH            LINE#              603
	C:1A4CH            LINE#              605
	C:1A5EH            LINE#              606
	C:1A70H            LINE#              607
	C:1A82H            LINE#              608
	C:1A94H            LINE#              609
	C:1AA6H            LINE#              610
	C:1AB8H            LINE#              611
	C:1ACAH            LINE#              613
	C:1AD9H            LINE#              614
	C:1AFCH            LINE#              615
	C:1B1FH            LINE#              616
	C:1B42H            LINE#              618
	C:1B51H            LINE#              619
	C:1B74H            LINE#              620
	C:1B97H            LINE#              621
	C:1BBAH            LINE#              622
	-------            ENDPROC            _ROM_WRITEPAGE
	-------            PROC               MAIN
	C:1BBBH            LINE#              19
	C:1BBBH            LINE#              19
	C:1BBBH            LINE#              21
	C:1BBEH            LINE#              22
	C:1BBEH            LINE#              20
	C:1BBEH            LINE#              24
	C:1C7EH            LINE#              20
	C:1C7EH            LINE#              31
	C:1C87H            LINE#              20
	C:1C87H            LINE#              34
	C:1C87H            LINE#              37
	C:1C8CH            LINE#              38
	C:1C9AH            LINE#              39
	C:1CAAH            LINE#              40
	C:1CBAH            LINE#              41
	C:1CD3H            LINE#              42
	C:1CDCH            LINE#              43
	C:1CE5H            LINE#              44
	C:1CF5H            LINE#              45
	C:1D06H            LINE#              46
	C:1D16H            LINE#              47
	C:1D27H            LINE#              49
	C:1D37H            LINE#              50
	C:1D51H            LINE#              51
	C:1D5AH            LINE#              52
	C:1D67H            LINE#              54
	C:1D77H            LINE#              55
	C:1D91H            LINE#              56
	C:1D9AH            LINE#              57
	C:1DB4H            LINE#              65
	C:1DB7H            LINE#              66
	C:1DBDH            LINE#              67
	C:1DC0H            LINE#              68
L51 CODE BANKING LINKER/LOCATOR V4.08.06          06/07/113  08:53:08  PAGE 26

	C:1DC0H            LINE#              70
	C:1DC3H            LINE#              73
	C:1DC5H            LINE#              74
	C:1DC7H            LINE#              75
	C:1DC9H            LINE#              76
	C:1DCDH            LINE#              81
	C:1DD1H            LINE#              82
	C:1DD5H            LINE#              84
	C:1DD8H            LINE#              85
	C:1DDDH            LINE#              86
	C:1DE2H            LINE#              88
	C:1DE7H            LINE#              89
	C:1DEAH            LINE#              90
	C:1DEDH            LINE#              96
	C:1E03H            LINE#              20
	C:1E03H            LINE#              100
	C:1E08H            LINE#              101
	C:1E16H            LINE#              102
	C:1E26H            LINE#              103
	C:1E36H            LINE#              104
	C:1E46H            LINE#              105
	C:1E56H            LINE#              106
	C:1E66H            LINE#              108
	C:1E69H            LINE#              109
	C:1E6FH            LINE#              111
	C:1E72H            LINE#              112
	C:1E77H            LINE#              113
	C:1E7AH            LINE#              114
	C:1E7DH            LINE#              115
	C:1E80H            LINE#              118
	C:1E90H            LINE#              119
	C:1E93H            LINE#              120
	C:1E99H            LINE#              122
	C:1E9CH            LINE#              123
	C:1EA1H            LINE#              124
	C:1EA6H            LINE#              125
	C:1EA9H            LINE#              126
	C:1EA9H            LINE#              128
	C:1EACH            LINE#              134
	C:1EC2H            LINE#              20
	C:1EC2H            LINE#              138
	C:1EC7H            LINE#              139
	C:1ED5H            LINE#              140
	C:1EE5H            LINE#              141
	C:1EF5H            LINE#              142
	C:1F05H            LINE#              143
	C:1F15H            LINE#              144
	C:1F25H            LINE#              146
	C:1F28H            LINE#              147
	C:1F2EH            LINE#              149
	C:1F31H            LINE#              150
	C:1F36H            LINE#              151
	C:1F39H            LINE#              152
	C:1F3CH            LINE#              153
	C:1F3FH            LINE#              156
	C:1F4FH            LINE#              157
	C:1F52H            LINE#              158
	C:1F58H            LINE#              160
	C:1F5BH            LINE#              161
	C:1F60H            LINE#              162
	C:1F65H            LINE#              163
	C:1F68H            LINE#              164
	C:1F68H            LINE#              166
	C:1F6BH            LINE#              173
	C:1F9CH            LINE#              20
	C:1F9CH            LINE#              177
	C:1FA1H            LINE#              178
	C:1FAFH            LINE#              179
L51 CODE BANKING LINKER/LOCATOR V4.08.06          06/07/113  08:53:08  PAGE 27

	C:1FBFH            LINE#              180
	C:1FCFH            LINE#              181
	C:1FD6H            LINE#              182
	C:1FDFH            LINE#              183
	C:1FECH            LINE#              184
	C:1FEFH            LINE#              185
	C:1FF2H            LINE#              186
	C:1FF5H            LINE#              188
	C:1FF7H            LINE#              189
	C:1FFCH            LINE#              190
	C:1FFFH            LINE#              191
	C:2006H            LINE#              192
	C:2013H            LINE#              193
	C:2016H            LINE#              194
	C:2019H            LINE#              199
	C:201EH            LINE#              200
	C:202EH            LINE#              201
	C:203EH            LINE#              202
	C:204EH            LINE#              203
	C:205CH            LINE#              204
	C:206BH            LINE#              205
	C:2073H            LINE#              206
	C:2076H            LINE#              207
	C:2079H            LINE#              208
	C:2079H            LINE#              210
	C:207CH            LINE#              217
	C:2090H            LINE#              20
	C:2090H            LINE#              223
	C:2095H            LINE#              224
	C:20A5H            LINE#              225
	C:20B5H            LINE#              227
	C:20D8H            LINE#              228
	C:20F4H            LINE#              230
	C:2107H            LINE#              231
	C:2115H            LINE#              232
	C:2124H            LINE#              233
	C:212CH            LINE#              234
	C:212FH            LINE#              235
	C:2132H            LINE#              236
	C:2132H            LINE#              238
	C:2135H            LINE#              245
	C:2145H            LINE#              20
	C:2145H            LINE#              250
	C:214EH            LINE#              251
	C:2153H            LINE#              252
	C:2161H            LINE#              253
	C:2171H            LINE#              254
	C:2181H            LINE#              255
	C:2188H            LINE#              256
	C:2191H            LINE#              257
	C:2198H            LINE#              258
	C:21A1H            LINE#              259
	C:21BBH            LINE#              260
	C:21BEH            LINE#              261
	C:21C1H            LINE#              262
	C:21C4H            LINE#              264
	C:21C6H            LINE#              265
	C:21CFH            LINE#              266
	C:21D6H            LINE#              267
	C:21F0H            LINE#              268
	C:21F3H            LINE#              269
	C:21F3H            LINE#              271
	C:21F6H            LINE#              276
	C:2214H            LINE#              20
	C:2214H            LINE#              280
	C:2219H            LINE#              281
	C:2222H            LINE#              282
	C:223BH            LINE#              283
L51 CODE BANKING LINKER/LOCATOR V4.08.06          06/07/113  08:53:08  PAGE 28

	C:223DH            LINE#              284
	C:223FH            LINE#              285
	C:2241H            LINE#              286
	C:2244H            LINE#              287
	C:2247H            LINE#              288
	C:224AH            LINE#              289
	C:224DH            LINE#              291
	C:2252H            LINE#              292
	C:225BH            LINE#              293
	C:2274H            LINE#              294
	C:2276H            LINE#              295
	C:2278H            LINE#              296
	C:227AH            LINE#              297
	C:227DH            LINE#              298
	C:2280H            LINE#              299
	C:2283H            LINE#              300
[...]
	B:0092H            SYMBOL             P1_2
	B:0093H            SYMBOL             P1_3
	B:0094H            SYMBOL             P1_4
	B:0095H            SYMBOL             P1_5
	B:0096H            SYMBOL             P1_6
	B:0097H            SYMBOL             P1_7
	D:0090H            SYMBOL             P1
	B:0080H            SYMBOL             P0_0
	B:0081H            SYMBOL             P0_1
	B:0082H            SYMBOL             P0_2
	B:0083H            SYMBOL             P0_3
	B:0084H            SYMBOL             P0_4
	B:0085H            SYMBOL             P0_5
	B:0086H            SYMBOL             P0_6
	B:0087H            SYMBOL             P0_7
	D:0080H            SYMBOL             P0
	-------            PROC               I2C_START
	C:3AFAH            LINE#              7
	C:3AFAH            LINE#              7
	C:3AFAH            LINE#              9
	C:3AFDH            LINE#              10
	C:3AFFH            LINE#              11
	C:3B01H            LINE#              12
	C:3B03H            LINE#              13
	C:3B05H            LINE#              14
	C:3B07H            LINE#              15
	-------            ENDPROC            I2C_START
	-------            PROC               I2C_STOP
	C:3B08H            LINE#              18
	C:3B08H            LINE#              18
	C:3B08H            LINE#              20
	C:3B0BH            LINE#              21
	C:3B0DH            LINE#              22
	C:3B0FH            LINE#              23
	C:3B11H            LINE#              24
	C:3B13H            LINE#              25
	-------            ENDPROC            I2C_STOP
	-------            PROC               _I2C_WRITE
	B:000AH            SYMBOL             data_bit
	C:3B14H            LINE#              29
	C:3B14H            LINE#              29
	C:3B14H            LINE#              33
	C:3B16H            LINE#              30
	C:3B16H            LINE#              35
	C:3B1DH            LINE#              36
	C:3B1FH            LINE#              37
	C:3B21H            LINE#              38
	C:3B23H            LINE#              39
	C:3B27H            LINE#              33
	C:3B2BH            LINE#              41
	C:3B2DH            LINE#              42
	C:3B2FH            LINE#              43
	C:3B33H            LINE#              44
	C:3B35H            LINE#              45
	C:3B35H            LINE#              46
	-------            ENDPROC            _I2C_WRITE
	-------            PROC               I2C_READ
	B:0007H            SYMBOL             rd_bit
	C:3B36H            LINE#              50
	C:3B36H            LINE#              50
L51 CODE BANKING LINKER/LOCATOR V4.08.06          06/07/113  08:53:08  PAGE 41

	C:3B36H            LINE#              54
	C:3B39H            LINE#              55
	C:3B39H            LINE#              51
	C:3B39H            LINE#              57
	C:3B3BH            LINE#              58
	C:3B3FH            LINE#              59
	C:3B43H            LINE#              60
	C:3B49H            LINE#              61
	C:3B4BH            LINE#              55
	C:3B4FH            LINE#              63
	C:3B50H            LINE#              64
	-------            ENDPROC            I2C_READ
	-------            PROC               I2C_NOACK
	C:3B51H            LINE#              67
	C:3B51H            LINE#              67
	C:3B51H            LINE#              69
	C:3B53H            LINE#              70
	C:3B55H            LINE#              71
	C:3B57H            LINE#              72
	C:3B59H            LINE#              73
	-------            ENDPROC            I2C_NOACK
	-------            PROC               _ROM_READ
	D:000DH            SYMBOL             addr
	C:3B5AH            LINE#              77
	C:3B5AH            LINE#              77
	C:3B5EH            LINE#              80
	C:3B61H            LINE#              81
	C:3B66H            LINE#              82
	C:3B73H            LINE#              83
	C:3B78H            LINE#              84
	C:3B7BH            LINE#              85
	C:3B80H            LINE#              86
	C:3B83H            LINE#              87
	C:3B86H            LINE#              88
	C:3B89H            LINE#              89
	C:3B89H            LINE#              90
	-------            ENDPROC            _ROM_READ
	-------            PROC               _ROM_WRITE
	D:0051H            SYMBOL             addr
	C:3B8AH            LINE#              95
	C:3B8AH            LINE#              95
	C:3B90H            LINE#              97
	C:3B93H            LINE#              98
	C:3B98H            LINE#              99
	C:3BA5H            LINE#              100
	C:3BAAH            LINE#              101
	C:3BAFH            LINE#              102
	C:3BB2H            LINE#              103
	C:3BB5H            LINE#              104
	-------            ENDPROC            _ROM_WRITE
	-------            ENDMOD             EEPROM
	-------            MODULE             DS1302
	C:0000H            SYMBOL             _ICE_DUMMY_
	C:3C4FH            PUBLIC             _Binary2BCD
	C:3CBBH            PUBLIC             _BCD2Binary
	C:3BDCH            PUBLIC             _rBrstReadClk
	C:3BB6H            PUBLIC             _rWriteClk
	B:0097H            SYMBOL             rRST
	B:0096H            SYMBOL             rIO
	B:0095H            SYMBOL             rSCLK
	D:00D1H            SYMBOL             FCON
	D:0097H            SYMBOL             CKRL
	D:00A2H            SYMBOL             AUXR1
	D:008EH            SYMBOL             AUXR
	D:009EH            SYMBOL             KBF
	D:009DH            SYMBOL             KBE
	D:009CH            SYMBOL             KBLS
	B:00D8H            SYMBOL             CCF0
L51 CODE BANKING LINKER/LOCATOR V4.08.06          06/07/113  08:53:08  PAGE 42

	B:00D9H            SYMBOL             CCF1
	B:00DAH            SYMBOL             CCF2
	B:00DBH            SYMBOL             CCF3
	B:00DCH            SYMBOL             CCF4
	B:00DEH            SYMBOL             CR
	B:00DFH            SYMBOL             CF
	D:00DEH            SYMBOL             CCAPM4
	D:00EEH            SYMBOL             CCAP4L
	D:00FEH            SYMBOL             CCAP4H
	D:00DDH            SYMBOL             CCAPM3
	D:00EDH            SYMBOL             CCAP3L
	D:00FDH            SYMBOL             CCAP3H
	D:00DCH            SYMBOL             CCAPM2
	D:00ECH            SYMBOL             CCAP2L
	D:00FCH            SYMBOL             CCAP2H
	D:00DBH            SYMBOL             CCAPM1
	D:00EBH            SYMBOL             CCAP1L
	D:00FBH            SYMBOL             CCAP1H
	D:00DAH            SYMBOL             CCAPM0
	D:00EAH            SYMBOL             CCAP0L
	D:00FAH            SYMBOL             CCAP0H
	D:00E9H            SYMBOL             CL
	D:00F9H            SYMBOL             CH
	D:00D9H            SYMBOL             CMOD
	D:00D8H            SYMBOL             CCON
	B:00A8H            SYMBOL             EX0
	B:00A9H            SYMBOL             ET0
	B:00AAH            SYMBOL             EX1
	B:00ABH            SYMBOL             ET1
	B:00ACH            SYMBOL             ES
	B:00ADH            SYMBOL             ET2
	B:00AEH            SYMBOL             EC
	B:00AFH            SYMBOL             EA
	D:00B2H            SYMBOL             IPL1
	B:00B8H            SYMBOL             PX0L
	B:00B9H            SYMBOL             PT0L
	B:00BAH            SYMBOL             PX1L
	B:00BBH            SYMBOL             PT1L
	B:00BCH            SYMBOL             PSL
	B:00BDH            SYMBOL             PT2L
	B:00BEH            SYMBOL             PPCL
	D:00B8H            SYMBOL             IPL0
	D:00B3H            SYMBOL             IPH1
	B:00B7H            SYMBOL             PX0H
	B:00B8H            SYMBOL             PT0H
	B:00B9H            SYMBOL             PX1H
	B:00BAH            SYMBOL             PT1H
	B:00BBH            SYMBOL             PSH
	B:00BCH            SYMBOL             PT2H
	B:00BDH            SYMBOL             PPCH
	D:00B7H            SYMBOL             IPH0
	D:00B1H            SYMBOL             IEN1
	D:00A8H            SYMBOL             IEN0
	D:009BH            SYMBOL             BDRCON
	D:009AH            SYMBOL             BRL
	D:00A9H            SYMBOL             SADDR
	D:00B9H            SYMBOL             SADEN
	D:0099H            SYMBOL             SBUF
	B:0098H            SYMBOL             RI
	B:0099H            SYMBOL             TI
	B:009AH            SYMBOL             RB8
	B:009BH            SYMBOL             TB8
	B:009CH            SYMBOL             REN
	B:009DH            SYMBOL             SM2
	B:009EH            SYMBOL             SM1
	B:009FH            SYMBOL             FE
	B:009FH            SYMBOL             SM0
	D:0098H            SYMBOL             SCON
L51 CODE BANKING LINKER/LOCATOR V4.08.06          06/07/113  08:53:08  PAGE 43

	D:00A7H            SYMBOL             WDTPRG
	D:00A6H            SYMBOL             WDTRST
	D:00CBH            SYMBOL             RCAP2H
	D:00CAH            SYMBOL             RCAP2L
	D:00CDH            SYMBOL             TH2
	D:008DH            SYMBOL             TH1
	D:008CH            SYMBOL             TH0
	D:00CCH            SYMBOL             TL2
	D:008BH            SYMBOL             TL1
	D:008AH            SYMBOL             TL0
	D:00C9H            SYMBOL             T2MOD
	B:00C8H            SYMBOL             CP_RL2
	B:00C9H            SYMBOL             C_T2
	B:00CAH            SYMBOL             TR2
	B:00CBH            SYMBOL             EXEN2
	B:00CCH            SYMBOL             TCLK
	B:00CDH            SYMBOL             RCLK
	B:00CEH            SYMBOL             EXF2
	B:00CFH            SYMBOL             TF2
	D:00C8H            SYMBOL             T2CON
	D:0089H            SYMBOL             TMOD
	B:0088H            SYMBOL             IT0
	B:0089H            SYMBOL             IE0
	B:008AH            SYMBOL             IT1
	B:008BH            SYMBOL             IE1
	B:008CH            SYMBOL             TR0
	B:008DH            SYMBOL             TF0
	B:008EH            SYMBOL             TR1
	B:008FH            SYMBOL             TF1
	D:0088H            SYMBOL             TCON
	D:00AFH            SYMBOL             CKCON1
	D:008FH            SYMBOL             CKCON0
	D:0087H            SYMBOL             PCON
	D:0083H            SYMBOL             DPH
	D:0082H            SYMBOL             DPL
	D:0081H            SYMBOL             SP
	D:00F0H            SYMBOL             B
	D:00E0H            SYMBOL             ACC
	B:00D0H            SYMBOL             P
	B:00D1H            SYMBOL             UD
	B:00D2H            SYMBOL             OV
	B:00D3H            SYMBOL             RS0
	B:00D4H            SYMBOL             RS1
	B:00D5H            SYMBOL             F0
	B:00D6H            SYMBOL             AC
	B:00D7H            SYMBOL             CY
	D:00D0H            SYMBOL             PSW
	B:00B0H            SYMBOL             RXD
	B:00B1H            SYMBOL             TXD
	B:00B2H            SYMBOL             INT0
	B:00B3H            SYMBOL             INT1
	B:00B4H            SYMBOL             T0
	B:00B5H            SYMBOL             T1
	B:00B6H            SYMBOL             WR
	B:00B7H            SYMBOL             RD
	B:00B0H            SYMBOL             P3_0
	B:00B1H            SYMBOL             P3_1
	B:00B2H            SYMBOL             P3_2
	B:00B3H            SYMBOL             P3_3
	B:00B4H            SYMBOL             P3_4
	B:00B5H            SYMBOL             P3_5
	B:00B6H            SYMBOL             P3_6
	B:00B7H            SYMBOL             P3_7
	D:00B0H            SYMBOL             P3
	B:00A0H            SYMBOL             P2_0
	B:00A1H            SYMBOL             P2_1
	B:00A2H            SYMBOL             P2_2
	B:00A3H            SYMBOL             P2_3
L51 CODE BANKING LINKER/LOCATOR V4.08.06          06/07/113  08:53:08  PAGE 44

	B:00A4H            SYMBOL             P2_4
	B:00A5H            SYMBOL             P2_5
	B:00A6H            SYMBOL             P2_6
	B:00A7H            SYMBOL             P2_7
	D:00A0H            SYMBOL             P2
	B:0090H            SYMBOL             P1_0
	B:0091H            SYMBOL             P1_1
	B:0092H            SYMBOL             P1_2
	B:0093H            SYMBOL             P1_3
	B:0094H            SYMBOL             P1_4
	B:0095H            SYMBOL             P1_5
	B:0096H            SYMBOL             P1_6
	B:0097H            SYMBOL             P1_7
	D:0090H            SYMBOL             P1
	B:0080H            SYMBOL             P0_0
	B:0081H            SYMBOL             P0_1
	B:0082H            SYMBOL             P0_2
	B:0083H            SYMBOL             P0_3
	B:0084H            SYMBOL             P0_4
	B:0085H            SYMBOL             P0_5
	B:0086H            SYMBOL             P0_6
	B:0087H            SYMBOL             P0_7
	D:0080H            SYMBOL             P0
	-------            PROC               _RWRITECLK
	C:3BB6H            LINE#              7
	C:3BB6H            LINE#              7
	C:3BB6H            LINE#              10
	C:3BB8H            LINE#              11
	C:3BBAH            LINE#              13
	C:3BBCH            LINE#              8
	C:3BBCH            LINE#              15
	C:3BBEH            LINE#              16
	C:3BC2H            LINE#              17
	C:3BC4H            LINE#              18
	C:3BC6H            LINE#              19
	C:3BCAH            LINE#              20
	C:3BCDH            LINE#              21
	C:3BCFH            LINE#              22
	C:3BD1H            LINE#              13
	C:3BD5H            LINE#              25
	C:3BD7H            LINE#              26
	C:3BD9H            LINE#              27
	C:3BDBH            LINE#              28
	-------            ENDPROC            _RWRITECLK
	-------            PROC               _RBRSTREADCLK
	D:000DH            SYMBOL             ch
	C:3BDCH            LINE#              32
	C:3BDCH            LINE#              32
	C:3BE2H            LINE#              35
	C:3BE9H            LINE#              36
	C:3BEBH            LINE#              38
	C:3BEDH            LINE#              39
	C:3BEFH            LINE#              33
	C:3BEFH            LINE#              41
	C:3BF1H            LINE#              42
	C:3BF5H            LINE#              43
	C:3BF7H            LINE#              44
	C:3BF9H            LINE#              45
	C:3BFDH            LINE#              46
	C:3BFFH            LINE#              39
	C:3C03H            LINE#              49
	C:3C05H            LINE#              33
	C:3C05H            LINE#              51
	C:3C0FH            LINE#              52
	C:3C10H            LINE#              33
	C:3C10H            LINE#              54
	C:3C16H            LINE#              55
	C:3C18H            LINE#              56
L51 CODE BANKING LINKER/LOCATOR V4.08.06          06/07/113  08:53:08  PAGE 45

	C:3C22H            LINE#              57
	C:3C2FH            LINE#              58
	C:3C31H            LINE#              52
	C:3C35H            LINE#              60
	C:3C3DH            LINE#              39
	C:3C41H            LINE#              62
	C:3C48H            LINE#              63
	C:3C4AH            LINE#              64
	C:3C4CH            LINE#              65
	C:3C4EH            LINE#              66
	-------            ENDPROC            _RBRSTREADCLK
	-------            PROC               _BINARY2BCD
	D:0055H            SYMBOL             t1
	D:0057H            SYMBOL             t2
	C:3C4FH            LINE#              69
	C:3C4FH            LINE#              69
	C:3C51H            LINE#              72
	C:3C61H            LINE#              73
	C:3C6AH            LINE#              74
	C:3C77H            LINE#              75
	C:3C87H            LINE#              76
	C:3C90H            LINE#              77
	C:3CA3H            LINE#              78
	C:3CACH            LINE#              79
	C:3CB8H            LINE#              80
	C:3CBAH            LINE#              81
	-------            ENDPROC            _BINARY2BCD
	-------            PROC               _BCD2BINARY
	D:005BH            SYMBOL             r
	D:0059H            SYMBOL             t
	C:3CBBH            LINE#              82
	C:3CBBH            LINE#              82
	C:3CBBH            LINE#              85
	C:3CC5H            LINE#              86
	C:3CCBH            LINE#              87
	C:3CCEH            LINE#              88
	C:3CDFH            LINE#              89
	C:3CE9H            LINE#              90
	C:3CFCH            LINE#              91
	C:3CFEH            LINE#              92
	-------            ENDPROC            _BCD2BINARY
	-------            ENDMOD             DS1302
	-------            MODULE             _C_DECDP
	C:04A5H            PUBLIC             ?C_DECDPTR
	C:04A5H            SEGMENT            _C_DECDP?CD
	-------            ENDMOD             _C_DECDP
	C:043FH            PUBLIC             ?C_START1
	C:0354H            PUBLIC             XPGN1?C
	C:0370H            PUBLIC             IPGN1?C
	C:039BH            PUBLIC             MV4_XD2SN?C
	C:03A3H            PUBLIC             _MV_XD2SN_0
	C:03BDH            PUBLIC             MV4_XD2RG?C
	C:03CCH            PUBLIC             _MV_CS2XD_0
	C:03C9H            PUBLIC             MV4_CS2XD?C
	C:03F8H            PUBLIC             MV_PTR2C1?C
	C:040EH            PUBLIC             MV_CODE1?C
	C:041BH            PUBLIC             MV_IDATA1?C
	C:0427H            PUBLIC             MV_XDATA1?C
	C:0433H            PUBLIC             MV_PDATA1?C
	C:0051H            PUBLIC             ?C_LMUL
	C:00C1H            PUBLIC             DIVL?C_1_SP
	C:00BAH            PUBLIC             ?C_ULDIV_SP
	C:0148H            PUBLIC             DIVL?C_1
	C:0141H            PUBLIC             ?C_ULDIV
	C:0151H            PUBLIC             ?LOOP_DIV_SZ
	C:0189H            PUBLIC             ?DIV_STORE_Q_SZ
	C:019DH            PUBLIC             ?C_LANL
	C:01ACH            PUBLIC             ?C_LADD
L51 CODE BANKING LINKER/LOCATOR V4.08.06          06/07/113  08:53:08  PAGE 46

	C:01BCH            PUBLIC             ?C_LSUB
	C:01CCH            PUBLIC             ?C_LMOD_SP
	C:01E7H            PUBLIC             GESI?C
	C:01F5H            PUBLIC             ?C_SLDIV_SP
	C:0221H            PUBLIC             ?C_IMULX
	C:0226H            PUBLIC             ?C_IMUL
	C:023AH            PUBLIC             ?C_SIDIV
	C:0262H            PUBLIC             ?C_UIDIV
	C:02E7H            PUBLIC             CPL_R4R5
	C:02EFH            PUBLIC             CPL_R6R7
	C:029AH            PUBLIC             DIV_2
	C:02F7H            PUBLIC             ?C_CMPLS
	C:0306H            PUBLIC             ?C_CMPL
	C:0336H            PUBLIC             RST_STK4?C
	C:0332H            PUBLIC             RST_STK6?C
	C:032EH            PUBLIC             RST_STK7?C
	C:0338H            PUBLIC             RST_STK?C
	C:003CH            PUBLIC             ?C_LSHL
	C:0026H            PUBLIC             ?C_LSSHR
	C:3AE8H            PUBLIC             ?C_INITSEGSTART
	N:00FFH            PUBLIC             IDATALEN
	N:00FFH            PUBLIC             _INITP2?
	C:0345H            PUBLIC             ?C_LOP

UNCALLED SEGMENTS:
------------------
    ?PR?GREADDATA?T693: Function GREADDATA in file C:\DOCUMENTS AND SETTINGS\SA&
JJAD HUSSAIN\DESKTOP\CHRONO32C_C51_R3\T693.OBJ was not called
    ?PR?_BCD2BINARY?DS1302: Function _BCD2BINARY in file C:\DOCUMENTS AND SETTI&
NGS\SAJJAD HUSSAIN\DESKTOP\CHRONO32C_C51_R3\DS1302.OBJ was not called
    ?PR?_BINARY2BCD?DS1302: Function _BINARY2BCD in file C:\DOCUMENTS AND SETTI&
NGS\SAJJAD HUSSAIN\DESKTOP\CHRONO32C_C51_R3\DS1302.OBJ was not called
    ?PR?_GGOTOPIXEL?T693: Function _GGOTOPIXEL in file C:\DOCUMENTS AND SETTING&
S\SAJJAD HUSSAIN\DESKTOP\CHRONO32C_C51_R3\T693.OBJ was not called
    ?PR?_GWRITEBYTE?T693: Function _GWRITEBYTE in file C:\DOCUMENTS AND SETTING&
S\SAJJAD HUSSAIN\DESKTOP\CHRONO32C_C51_R3\T693.OBJ was not called

LINK/LOCATE RUN COMPLETE,  NO ERROR FOUND.